Archive member included because of file (symbol)

/work/opensource/personal/microcontroller/arduino/ArduinoLibraries/ArduinoAccelerometerDriver/Release/libArduinoAccelerometerSensor.a(AccelerometerMMA8451.o)
                              ./main.o (_ZN20AccelerometerMMA8451C1Eb)
/work/opensource/personal/microcontroller/arduino/ArduinoLibraries/ArduinoMessagingProtocol/Release/libArduinoMessagingProtocol.a(RemoteDevice.o)
                              ./main.o (_ZN12RemoteDeviceD1Ev)
/work/opensource/personal/microcontroller/arduino/ArduinoLibraries/ArduinoMessagingProtocol/Release/libArduinoMessagingProtocol.a(Notifier.o)
                              /work/opensource/personal/microcontroller/arduino/ArduinoLibraries/ArduinoMessagingProtocol/Release/libArduinoMessagingProtocol.a(RemoteDevice.o) (_ZN8Notifier17notifyTransmitingEv)
/work/opensource/personal/microcontroller/arduino/ArduinoLibraries/ArduinoMessagingProtocol/Release/libArduinoMessagingProtocol.a(MessageParser.o)
                              ./main.o (_ZN13MessageParserC1EPht)
/work/opensource/personal/microcontroller/arduino/ArduinoLibraries/ArduinoMessagingProtocol/Release/libArduinoMessagingProtocol.a(Message.o)
                              ./main.o (_ZN7MessageC1EPh)
/work/opensource/personal/microcontroller/arduino/ArduinoLibraries/ArduinoIO/Release/libArduinoIO.a(SoftwareSerialOutputStream.o)
                              ./main.o (_ZN26SoftwareSerialOutputStreamC1EP14SoftwareSerial)
/work/opensource/personal/microcontroller/arduino/ArduinoLibraries/ArduinoIO/Release/libArduinoIO.a(SoftwareSerialInputStream.o)
                              ./main.o (_ZN25SoftwareSerialInputStreamC1EP14SoftwareSerial)
/work/opensource/personal/microcontroller/arduino/ArduinoLibraries/ArduinoIO/Release/libArduinoIO.a(OutputStream.o)
                              /work/opensource/personal/microcontroller/arduino/ArduinoLibraries/ArduinoIO/Release/libArduinoIO.a(SoftwareSerialOutputStream.o) (_ZN12OutputStream5writeEPhi)
/work/opensource/personal/microcontroller/arduino/ArduinoLibraries/ArduinoIO/Release/libArduinoIO.a(InputStream.o)
                              /work/opensource/personal/microcontroller/arduino/ArduinoLibraries/ArduinoIO/Release/libArduinoIO.a(SoftwareSerialInputStream.o) (_ZN11InputStream9availableEv)
/work/opensource/personal/microcontroller/arduino/ArduinoLibraries/ArduinoIO/Release/libArduinoIO.a(ExternalEepromOutputStream.o)
                              ./main.o (_ZN26ExternalEepromOutputStreamC1EP14ExternalEeprom)
/work/opensource/personal/microcontroller/arduino/ArduinoLibraries/ArduinoIO/Release/libArduinoIO.a(ExternalEepromInputStream.o)
                              ./main.o (_ZN25ExternalEepromInputStreamC1EP14ExternalEeprom)
/work/opensource/personal/microcontroller/arduino/ArduinoLibraries/ArduinoIO/Release/libArduinoIO.a(DataOutputStream.o)
                              ./main.o (_ZN16DataOutputStreamC1EP12OutputStream)
/work/opensource/personal/microcontroller/arduino/ArduinoLibraries/ArduinoIO/Release/libArduinoIO.a(DataInputStream.o)
                              ./main.o (_ZN15DataInputStream16readUnsignedCharEv)
/work/opensource/personal/microcontroller/arduino/ArduinoLibraries/ArduinoIO/Release/libArduinoIO.a(ByteArrayOutputStream.o)
                              ./main.o (_ZTV21ByteArrayOutputStream)
/work/opensource/personal/microcontroller/arduino/ArduinoLibraries/ArduinoIO/Release/libArduinoIO.a(ByteArrayInputStream.o)
                              ./main.o (_ZN20ByteArrayInputStream4seekEj)
/work/opensource/personal/microcontroller/arduino/ArduinoLibraries/ArduinoMemoryDriver/Release/libArduinoMemoryDriver.a(ExternalEeprom.o)
                              ./main.o (_ZN14ExternalEeprom5writeEjh)
/work/opensource/personal/microcontroller/arduino/ArduinoLibraries/ArduinoMemoryDriver/Release/libArduinoMemoryDriver.a(External24cl256Eeprom.o)
                              ./main.o (_ZN21External24cl256EepromC1Eh)
/work/opensource/personal/microcontroller/arduino/ArduinoLibraries/ArduinoDevice/Release/libArduinoDevice.a(RegisterBasedWiredDevice.o)
                              /work/opensource/personal/microcontroller/arduino/ArduinoLibraries/ArduinoAccelerometerDriver/Release/libArduinoAccelerometerSensor.a(AccelerometerMMA8451.o) (_ZN24RegisterBasedWiredDeviceC2Eh)
/work/opensource/personal/microcontroller/arduino/ArduinoLibraries/ArduinoDevice/Release/libArduinoDevice.a(EepromBasedWiredDevice.o)
                              ./main.o (_ZTV22EepromBasedWiredDevice)
/work/opensource/personal/microcontroller/arduino/ArduinoLibraries/ArduinoDevice/Release/libArduinoDevice.a(WiredDevice.o)
                              /work/opensource/personal/microcontroller/arduino/ArduinoLibraries/ArduinoDevice/Release/libArduinoDevice.a(RegisterBasedWiredDevice.o) (_ZN11WiredDeviceC2Eh)
/work/opensource/personal/microcontroller/arduino/ArduinoLibraries/ArduinoCore/Release/libArduinoCore.a(Wire.o)
[...]
Memory Configuration

Name             Origin             Length             Attributes
text             0x0000000000000000 0x0000000000020000 xr
data             0x0000000000800060 0x000000000000ffa0 rw !x
eeprom           0x0000000000810000 0x0000000000010000 rw !x
fuse             0x0000000000820000 0x0000000000000400 rw !x
lock             0x0000000000830000 0x0000000000000400 rw !x
signature        0x0000000000840000 0x0000000000000400 rw !x
user_signatures  0x0000000000850000 0x0000000000000400 rw !x
*default*        0x0000000000000000 0xffffffffffffffff

Linker script and memory map

Address of section .data set to 0x800100
LOAD /usr/lib/gcc/avr/4.8.1/../../../avr/lib/avr5/crtm328p.o
LOAD ./Settings/Settings.o
LOAD ./main.o
LOAD /work/opensource/personal/microcontroller/arduino/ArduinoLibraries/ArduinoAccelerometerDriver/Release/libArduinoAccelerometerSensor.a
LOAD /work/opensource/personal/microcontroller/arduino/ArduinoLibraries/ArduinoMessagingProtocol/Release/libArduinoMessagingProtocol.a
LOAD /work/opensource/personal/microcontroller/arduino/ArduinoLibraries/ArduinoIO/Release/libArduinoIO.a
LOAD /work/opensource/personal/microcontroller/arduino/ArduinoLibraries/ArduinoMemoryDriver/Release/libArduinoMemoryDriver.a
LOAD /work/opensource/personal/microcontroller/arduino/ArduinoLibraries/ArduinoDevice/Release/libArduinoDevice.a
LOAD /work/opensource/personal/microcontroller/arduino/ArduinoLibraries/ArduinoCore/Release/libArduinoCore.a
LOAD /usr/lib/gcc/avr/4.8.1/avr5/libgcc.a
LOAD /usr/lib/gcc/avr/4.8.1/../../../avr/lib/avr5/libm.a
START GROUP
LOAD /usr/lib/gcc/avr/4.8.1/avr5/libgcc.a
LOAD /usr/lib/gcc/avr/4.8.1/../../../avr/lib/avr5/libm.a
LOAD /usr/lib/gcc/avr/4.8.1/../../../avr/lib/avr5/libc.a
END GROUP

.hash
 *(.hash)

.dynsym
 *(.dynsym)

.dynstr
 *(.dynstr)

.gnu.version
 *(.gnu.version)

.gnu.version_d
 *(.gnu.version_d)

.gnu.version_r
 *(.gnu.version_r)

.rel.init
 *(.rel.init)

.rela.init
 *(.rela.init)

.rel.text
 *(.rel.text)
 *(.rel.text.*)
 *(.rel.gnu.linkonce.t*)

.rela.text
 *(.rela.text)
 *(.rela.text.*)
 *(.rela.gnu.linkonce.t*)

.rel.fini
 *(.rel.fini)

.rela.fini
 *(.rela.fini)

.rel.rodata
 *(.rel.rodata)
 *(.rel.rodata.*)
 *(.rel.gnu.linkonce.r*)

.rela.rodata
 *(.rela.rodata)
 *(.rela.rodata.*)
 *(.rela.gnu.linkonce.r*)

.rel.data
 *(.rel.data)
 *(.rel.data.*)
 *(.rel.gnu.linkonce.d*)

.rela.data
 *(.rela.data)
 *(.rela.data.*)
 *(.rela.gnu.linkonce.d*)

.rel.ctors
 *(.rel.ctors)

.rela.ctors
 *(.rela.ctors)

.rel.dtors
 *(.rel.dtors)

.rela.dtors
 *(.rela.dtors)

.rel.got
 *(.rel.got)

.rela.got
 *(.rela.got)

.rel.bss
 *(.rel.bss)

.rela.bss
 *(.rela.bss)

.rel.plt
 *(.rel.plt)

.rela.plt
 *(.rela.plt)

.text           0x0000000000000000     0x386c
 *(.vectors)
 .vectors       0x0000000000000000       0x68 /usr/lib/gcc/avr/4.8.1/../../../avr/lib/avr5/crtm328p.o
                0x0000000000000000                __vectors
                0x0000000000000000                __vector_default
 *(.vectors)
 *(.progmem.gcc*)
 .progmem.gcc_sw_table._ZN13MessageParser6decodeEh
                0x0000000000000068        0xe /work/opensource/personal/microcontroller/arduino/ArduinoLibraries/ArduinoMessagingProtocol/Release/libArduinoMessagingProtocol.a(MessageParser.o)
                0x0000000000000076                . = ALIGN (0x2)
                0x0000000000000076                __trampolines_start = .
 *(.trampolines)
 .trampolines   0x0000000000000076        0x0 linker stubs
 *(.trampolines*)
                0x0000000000000076                __trampolines_end = .
 *(.progmem*)
 .progmem.data.digital_pin_to_timer_PGM
                0x0000000000000076       0x14 /work/opensource/personal/microcontroller/arduino/ArduinoLibraries/ArduinoCore/Release/libArduinoCore.a(wiring_digital.o)
                0x0000000000000076                digital_pin_to_timer_PGM
 .progmem.data.digital_pin_to_bit_mask_PGM
                0x000000000000008a       0x14 /work/opensource/personal/microcontroller/arduino/ArduinoLibraries/ArduinoCore/Release/libArduinoCore.a(wiring_digital.o)
                0x000000000000008a                digital_pin_to_bit_mask_PGM
 .progmem.data.digital_pin_to_port_PGM
                0x000000000000009e       0x14 /work/opensource/personal/microcontroller/arduino/ArduinoLibraries/ArduinoCore/Release/libArduinoCore.a(wiring_digital.o)
                0x000000000000009e                digital_pin_to_port_PGM
 .progmem.data.port_to_input_PGM
                0x00000000000000b2        0xa /work/opensource/personal/microcontroller/arduino/ArduinoLibraries/ArduinoCore/Release/libArduinoCore.a(wiring_digital.o)
                0x00000000000000b2                port_to_input_PGM
 .progmem.data.port_to_output_PGM
                0x00000000000000bc        0xa /work/opensource/personal/microcontroller/arduino/ArduinoLibraries/ArduinoCore/Release/libArduinoCore.a(wiring_digital.o)
                0x00000000000000bc                port_to_output_PGM
 .progmem.data.port_to_mode_PGM
                0x00000000000000c6        0xa /work/opensource/personal/microcontroller/arduino/ArduinoLibraries/ArduinoCore/Release/libArduinoCore.a(wiring_digital.o)
                0x00000000000000c6                port_to_mode_PGM
                0x00000000000000d0                . = ALIGN (0x2)
 *(.jumptables)
 *(.jumptables*)
 *(.lowtext)
 *(.lowtext*)
                0x00000000000000d0                __ctors_start = .
 *(.ctors)
 .ctors         0x00000000000000d0        0x2 ./main.o
 .ctors         0x00000000000000d2        0x2 /work/opensource/personal/microcontroller/arduino/ArduinoLibraries/ArduinoCore/Release/libArduinoCore.a(Wire.o)
 .ctors         0x00000000000000d4        0x2 /work/opensource/personal/microcontroller/arduino/ArduinoLibraries/ArduinoCore/Release/libArduinoCore.a(HardwareSerial0.o)
                0x00000000000000d6                __ctors_end = .
                0x00000000000000d6                __dtors_start = .
 *(.dtors)
 .dtors         0x00000000000000d6        0x2 ./main.o
                0x00000000000000d8                __dtors_end = .
 SORT(*)(.ctors)
 SORT(*)(.dtors)
 *(.init0)
 .init0         0x00000000000000d8        0x0 /usr/lib/gcc/avr/4.8.1/../../../avr/lib/avr5/crtm328p.o
                0x00000000000000d8                __init
 *(.init0)
 *(.init1)
 *(.init1)
 *(.init2)
 .init2         0x00000000000000d8        0xc /usr/lib/gcc/avr/4.8.1/../../../avr/lib/avr5/crtm328p.o
 *(.init2)
 *(.init3)
 *(.init3)
 *(.init4)
 .init4         0x00000000000000e4       0x16 /usr/lib/gcc/avr/4.8.1/avr5/libgcc.a(_copy_data.o)
                0x00000000000000e4                __do_copy_data
 .init4         0x00000000000000fa       0x10 /usr/lib/gcc/avr/4.8.1/avr5/libgcc.a(_clear_bss.o)
                0x00000000000000fa                __do_clear_bss
 *(.init4)
 *(.init5)
 *(.init5)
 *(.init6)
 .init6         0x000000000000010a       0x16 /usr/lib/gcc/avr/4.8.1/avr5/libgcc.a(_ctors.o)
                0x000000000000010a                __do_global_ctors
 *(.init6)
 *(.init7)
 *(.init7)
 *(.init8)
 *(.init8)
 *(.init9)
 .init9         0x0000000000000120        0x6 /usr/lib/gcc/avr/4.8.1/../../../avr/lib/avr5/crtm328p.o
 *(.init9)
 *(.text)
 .text          0x0000000000000126        0x2 /usr/lib/gcc/avr/4.8.1/../../../avr/lib/avr5/crtm328p.o
                0x0000000000000126                __vector_22
                0x0000000000000126                __vector_12
                0x0000000000000126                __bad_interrupt
                0x0000000000000126                __vector_6
                0x0000000000000126                __vector_23
                0x0000000000000126                __vector_25
                0x0000000000000126                __vector_11
                0x0000000000000126                __vector_13
                0x0000000000000126                __vector_17
                0x0000000000000126                __vector_7
                0x0000000000000126                __vector_9
                0x0000000000000126                __vector_21
                0x0000000000000126                __vector_15
                0x0000000000000126                __vector_8
                0x0000000000000126                __vector_14
                0x0000000000000126                __vector_10
                0x0000000000000126                __vector_20
                0x0000000000000128                . = ALIGN (0x2)
 *(.text.*)
 .text._ZN8SettingsC2EP20SeekableOutputStreamP19SeekableInputStream
                0x0000000000000128       0x18 ./Settings/Settings.o
                0x0000000000000128                _ZN8SettingsC2EP20SeekableOutputStreamP19SeekableInputStream
                0x0000000000000128                _ZN8SettingsC1EP20SeekableOutputStreamP19SeekableInputStream
 .text._ZN8Settings4loadEv
                0x0000000000000140      0x14c ./Settings/Settings.o
                0x0000000000000140                _ZN8Settings4loadEv
 .text._ZN8Settings4saveEv
                0x000000000000028c      0x14c ./Settings/Settings.o
                0x000000000000028c                _ZN8Settings4saveEv
 .text._ZN8Settings6updateEhh
                0x00000000000003d8       0x32 ./Settings/Settings.o
                0x00000000000003d8                _ZN8Settings6updateEhh
 .text._Z3isrv  0x000000000000040a        0x8 ./main.o
                0x000000000000040a                _Z3isrv
 .text._ZN21External24cl256EepromD2Ev
                0x0000000000000412        0xc ./main.o
                0x0000000000000412                _ZN21External24cl256EepromD1Ev
                0x0000000000000412                _ZN21External24cl256EepromD2Ev
 .text._ZN21External24cl256EepromD0Ev
                0x000000000000041e        0xe ./main.o
                0x000000000000041e                _ZN21External24cl256EepromD0Ev
 .text._Z18setupAccelerometerv
                0x000000000000042c       0x56 ./main.o
                0x000000000000042c                _Z18setupAccelerometerv
 .text.setup    0x0000000000000482       0x48 ./main.o
                0x0000000000000482                setup
 .text._Z15processSettingshh
                0x00000000000004ca        0xc ./main.o
                0x00000000000004ca                _Z15processSettingshh
 .text._Z22processReceivedMessagev
                0x00000000000004d6       0x7c ./main.o
                0x00000000000004d6                _Z22processReceivedMessagev
 .text.loop     0x0000000000000552       0x42 ./main.o
                0x0000000000000552                loop
 .text.startup.main
                0x0000000000000594       0x16 ./main.o
                0x0000000000000594                main
 .text.startup._GLOBAL__sub_I_triggered
                0x00000000000005aa       0xd4 ./main.o
 .text.exit._GLOBAL__sub_D_triggered
                0x000000000000067e       0x34 ./main.o
 .text._ZN20AccelerometerMMA8451C2Eb
                0x00000000000006b2       0x34 /work/opensource/personal/microcontroller/arduino/ArduinoLibraries/ArduinoAccelerometerDriver/Release/libArduinoAccelerometerSensor.a(AccelerometerMMA8451.o)
                0x00000000000006b2                _ZN20AccelerometerMMA8451C2Eb
                0x00000000000006b2                _ZN20AccelerometerMMA8451C1Eb
 .text._ZN20AccelerometerMMA845116deviceActivationENS_16DeviceActivationE
                0x00000000000006e6        0xc /work/opensource/personal/microcontroller/arduino/ArduinoLibraries/ArduinoAccelerometerDriver/Release/libArduinoAccelerometerSensor.a(AccelerometerMMA8451.o)
                0x00000000000006e6                _ZN20AccelerometerMMA845116deviceActivationENS_16DeviceActivationE
 .text._ZN20AccelerometerMMA845115setDynamicRangeENS_12DynamicRangeE
                0x00000000000006f2       0x28 /work/opensource/personal/microcontroller/arduino/ArduinoLibraries/ArduinoAccelerometerDriver/Release/libArduinoAccelerometerSensor.a(AccelerometerMMA8451.o)
                0x00000000000006f2                _ZN20AccelerometerMMA845115setDynamicRangeENS_12DynamicRangeE
 .text._ZN20AccelerometerMMA845117setOutputDataRateENS_14OutputDataRateE
                0x000000000000071a       0x12 /work/opensource/personal/microcontroller/arduino/ArduinoLibraries/ArduinoAccelerometerDriver/Release/libArduinoAccelerometerSensor.a(AccelerometerMMA8451.o)
                0x000000000000071a                _ZN20AccelerometerMMA845117setOutputDataRateENS_14OutputDataRateE
 .text._ZN20AccelerometerMMA845123setOrientationDetectionEbb
                0x000000000000072c       0x14 /work/opensource/personal/microcontroller/arduino/ArduinoLibraries/ArduinoAccelerometerDriver/Release/libArduinoAccelerometerSensor.a(AccelerometerMMA8451.o)
                0x000000000000072c                _ZN20AccelerometerMMA845123setOrientationDetectionEbb
 .text._ZN20AccelerometerMMA845129setOrientationDebounceCounterEh
                0x0000000000000740        0xa /work/opensource/personal/microcontroller/arduino/ArduinoLibraries/ArduinoAccelerometerDriver/Release/libArduinoAccelerometerSensor.a(AccelerometerMMA8451.o)
                0x0000000000000740                _ZN20AccelerometerMMA845129setOrientationDebounceCounterEh
 .text._ZN20AccelerometerMMA845135setOrientationBackFrontCompensationEhh
                0x000000000000074a       0x16 /work/opensource/personal/microcontroller/arduino/ArduinoLibraries/ArduinoAccelerometerDriver/Release/libArduinoAccelerometerSensor.a(AccelerometerMMA8451.o)
                0x000000000000074a                _ZN20AccelerometerMMA845135setOrientationBackFrontCompensationEhh
 .text._ZN20AccelerometerMMA845136setOrientationThresholdAndHysteresisEhh
                0x0000000000000760       0x14 /work/opensource/personal/microcontroller/arduino/ArduinoLibraries/ArduinoAccelerometerDriver/Release/libArduinoAccelerometerSensor.a(AccelerometerMMA8451.o)
                0x0000000000000760                _ZN20AccelerometerMMA845136setOrientationThresholdAndHysteresisEhh
 .text._ZN20AccelerometerMMA845115enableInterruptENS_9InterruptE
                0x0000000000000774        0xc /work/opensource/personal/microcontroller/arduino/ArduinoLibraries/ArduinoAccelerometerDriver/Release/libArduinoAccelerometerSensor.a(AccelerometerMMA8451.o)
                0x0000000000000774                _ZN20AccelerometerMMA845115enableInterruptENS_9InterruptE
 .text._ZN20AccelerometerMMA845120routeInterruptToInt1ENS_9InterruptE
                0x0000000000000780        0xc /work/opensource/personal/microcontroller/arduino/ArduinoLibraries/ArduinoAccelerometerDriver/Release/libArduinoAccelerometerSensor.a(AccelerometerMMA8451.o)
                0x0000000000000780                _ZN20AccelerometerMMA845120routeInterruptToInt1ENS_9InterruptE
 .text._ZN20AccelerometerMMA845110convertToGEPhb
                0x000000000000078c       0xa0 /work/opensource/personal/microcontroller/arduino/ArduinoLibraries/ArduinoAccelerometerDriver/Release/libArduinoAccelerometerSensor.a(AccelerometerMMA8451.o)
                0x000000000000078c                _ZN20AccelerometerMMA845110convertToGEPhb
 .text._ZN20AccelerometerMMA845115readAxisGravityEh
                0x000000000000082c       0x7a /work/opensource/personal/microcontroller/arduino/ArduinoLibraries/ArduinoAccelerometerDriver/Release/libArduinoAccelerometerSensor.a(AccelerometerMMA8451.o)
                0x000000000000082c                _ZN20AccelerometerMMA845115readAxisGravityEh
 .text._ZN20AccelerometerMMA84516readXgEv
                0x00000000000008a6        0x4 /work/opensource/personal/microcontroller/arduino/ArduinoLibraries/ArduinoAccelerometerDriver/Release/libArduinoAccelerometerSensor.a(AccelerometerMMA8451.o)
                0x00000000000008a6                _ZN20AccelerometerMMA84516readXgEv
 .text._ZN20AccelerometerMMA84516readYgEv
                0x00000000000008aa        0x4 /work/opensource/personal/microcontroller/arduino/ArduinoLibraries/ArduinoAccelerometerDriver/Release/libArduinoAccelerometerSensor.a(AccelerometerMMA8451.o)
                0x00000000000008aa                _ZN20AccelerometerMMA84516readYgEv
 .text._ZN20AccelerometerMMA84516readZgEv
                0x00000000000008ae        0x4 /work/opensource/personal/microcontroller/arduino/ArduinoLibraries/ArduinoAccelerometerDriver/Release/libArduinoAccelerometerSensor.a(AccelerometerMMA8451.o)
                0x00000000000008ae                _ZN20AccelerometerMMA84516readZgEv
 .text._ZN12RemoteDeviceD2Ev
                0x00000000000008b2        0xc /work/opensource/personal/microcontroller/arduino/ArduinoLibraries/ArduinoMessagingProtocol/Release/libArduinoMessagingProtocol.a(RemoteDevice.o)
                0x00000000000008b2                _ZN12RemoteDeviceD2Ev
                0x00000000000008b2                _ZN12RemoteDeviceD1Ev
 .text._ZN12RemoteDeviceD0Ev
                0x00000000000008be        0xe /work/opensource/personal/microcontroller/arduino/ArduinoLibraries/ArduinoMessagingProtocol/Release/libArduinoMessagingProtocol.a(RemoteDevice.o)
                0x00000000000008be                _ZN12RemoteDeviceD0Ev
 .text._ZN12RemoteDeviceC2EP13MessageParserP7MessageP12OutputStreamP11InputStream
                0x00000000000008cc       0x24 /work/opensource/personal/microcontroller/arduino/ArduinoLibraries/ArduinoMessagingProtocol/Release/libArduinoMessagingProtocol.a(RemoteDevice.o)
                0x00000000000008cc                _ZN12RemoteDeviceC1EP13MessageParserP7MessageP12OutputStreamP11InputStream
                0x00000000000008cc                _ZN12RemoteDeviceC2EP13MessageParserP7MessageP12OutputStreamP11InputStream
 .text._ZN12RemoteDevice15transmitMessageEP7Message
                0x00000000000008f0       0xce /work/opensource/personal/microcontroller/arduino/ArduinoLibraries/ArduinoMessagingProtocol/Release/libArduinoMessagingProtocol.a(RemoteDevice.o)
                0x00000000000008f0                _ZN12RemoteDevice15transmitMessageEP7Message
 .text._ZN12RemoteDevice14receiveMessageEP7Message
                0x00000000000009be       0x64 /work/opensource/personal/microcontroller/arduino/ArduinoLibraries/ArduinoMessagingProtocol/Release/libArduinoMessagingProtocol.a(RemoteDevice.o)
                0x00000000000009be                _ZN12RemoteDevice14receiveMessageEP7Message
 .text._ZN12RemoteDevice18waitForMessageTypeEN7Message4TypeEm
                0x0000000000000a22       0xc2 /work/opensource/personal/microcontroller/arduino/ArduinoLibraries/ArduinoMessagingProtocol/Release/libArduinoMessagingProtocol.a(RemoteDevice.o)
                0x0000000000000a22                _ZN12RemoteDevice18waitForMessageTypeEN7Message4TypeEm
 .text._ZN12RemoteDevice7connectEm
                0x0000000000000ae4       0x58 /work/opensource/personal/microcontroller/arduino/ArduinoLibraries/ArduinoMessagingProtocol/Release/libArduinoMessagingProtocol.a(RemoteDevice.o)
                0x0000000000000ae4                _ZN12RemoteDevice7connectEm
 .text._ZN8Notifier17notifyTransmitingEv
                0x0000000000000b3c        0x8 /work/opensource/personal/microcontroller/arduino/ArduinoLibraries/ArduinoMessagingProtocol/Release/libArduinoMessagingProtocol.a(Notifier.o)
                0x0000000000000b3c                _ZN8Notifier17notifyTransmitingEv
 .text._ZN8Notifier19unnotifyTransmitingEv
                0x0000000000000b44        0x8 /work/opensource/personal/microcontroller/arduino/ArduinoLibraries/ArduinoMessagingProtocol/Release/libArduinoMessagingProtocol.a(Notifier.o)
                0x0000000000000b44                _ZN8Notifier19unnotifyTransmitingEv
 .text._ZN8Notifier13notifyWaitingEv
                0x0000000000000b4c        0x8 /work/opensource/personal/microcontroller/arduino/ArduinoLibraries/ArduinoMessagingProtocol/Release/libArduinoMessagingProtocol.a(Notifier.o)
                0x0000000000000b4c                _ZN8Notifier13notifyWaitingEv
 .text._ZN8Notifier15unnotifyWaitingEv
                0x0000000000000b54        0x8 /work/opensource/personal/microcontroller/arduino/ArduinoLibraries/ArduinoMessagingProtocol/Release/libArduinoMessagingProtocol.a(Notifier.o)
                0x0000000000000b54                _ZN8Notifier15unnotifyWaitingEv
 .text._ZN13MessageParserC2EPht
                0x0000000000000b5c       0x12 /work/opensource/personal/microcontroller/arduino/ArduinoLibraries/ArduinoMessagingProtocol/Release/libArduinoMessagingProtocol.a(MessageParser.o)
                0x0000000000000b5c                _ZN13MessageParserC1EPht
                0x0000000000000b5c                _ZN13MessageParserC2EPht
 .text._ZN13MessageParser6decodeEh
                0x0000000000000b6e       0x98 /work/opensource/personal/microcontroller/arduino/ArduinoLibraries/ArduinoMessagingProtocol/Release/libArduinoMessagingProtocol.a(MessageParser.o)
                0x0000000000000b6e                _ZN13MessageParser6decodeEh
 .text._ZN13MessageParser17getDecodedMessageEP7Message
                0x0000000000000c06       0x58 /work/opensource/personal/microcontroller/arduino/ArduinoLibraries/ArduinoMessagingProtocol/Release/libArduinoMessagingProtocol.a(MessageParser.o)
                0x0000000000000c06                _ZN13MessageParser17getDecodedMessageEP7Message
 .text._ZN7MessageC2EPh
                0x0000000000000c5e        0xe /work/opensource/personal/microcontroller/arduino/ArduinoLibraries/ArduinoMessagingProtocol/Release/libArduinoMessagingProtocol.a(Message.o)
                0x0000000000000c5e                _ZN7MessageC1EPh
                0x0000000000000c5e                _ZN7MessageC2EPh
 .text._ZN7Message5resetEv
                0x0000000000000c6c        0xa /work/opensource/personal/microcontroller/arduino/ArduinoLibraries/ArduinoMessagingProtocol/Release/libArduinoMessagingProtocol.a(Message.o)
                0x0000000000000c6c                _ZN7Message5resetEv
 .text._ZN7Message5getIdEv
                0x0000000000000c76        0x6 /work/opensource/personal/microcontroller/arduino/ArduinoLibraries/ArduinoMessagingProtocol/Release/libArduinoMessagingProtocol.a(Message.o)
                0x0000000000000c76                _ZN7Message5getIdEv
 .text._ZN7Message5setIdEh
                0x0000000000000c7c        0x6 /work/opensource/personal/microcontroller/arduino/ArduinoLibraries/ArduinoMessagingProtocol/Release/libArduinoMessagingProtocol.a(Message.o)
                0x0000000000000c7c                _ZN7Message5setIdEh
 .text._ZN7Message14generateNextIdEv
                0x0000000000000c82       0x10 /work/opensource/personal/microcontroller/arduino/ArduinoLibraries/ArduinoMessagingProtocol/Release/libArduinoMessagingProtocol.a(Message.o)
                0x0000000000000c82                _ZN7Message14generateNextIdEv
 .text._ZN7Message7getTypeEv
                0x0000000000000c92        0x6 /work/opensource/personal/microcontroller/arduino/ArduinoLibraries/ArduinoMessagingProtocol/Release/libArduinoMessagingProtocol.a(Message.o)
                0x0000000000000c92                _ZN7Message7getTypeEv
 .text._ZN7Message7setTypeEh
                0x0000000000000c98        0x6 /work/opensource/personal/microcontroller/arduino/ArduinoLibraries/ArduinoMessagingProtocol/Release/libArduinoMessagingProtocol.a(Message.o)
                0x0000000000000c98                _ZN7Message7setTypeEh
 .text._ZN7Message14getPayloadSizeEv
                0x0000000000000c9e        0x6 /work/opensource/personal/microcontroller/arduino/ArduinoLibraries/ArduinoMessagingProtocol/Release/libArduinoMessagingProtocol.a(Message.o)
                0x0000000000000c9e                _ZN7Message14getPayloadSizeEv
 .text._ZN7Message14setPayloadSizeEh
                0x0000000000000ca4        0x6 /work/opensource/personal/microcontroller/arduino/ArduinoLibraries/ArduinoMessagingProtocol/Release/libArduinoMessagingProtocol.a(Message.o)
                0x0000000000000ca4                _ZN7Message14setPayloadSizeEh
 .text._ZN7Message10getPayloadEv
                0x0000000000000caa        0x8 /work/opensource/personal/microcontroller/arduino/ArduinoLibraries/ArduinoMessagingProtocol/Release/libArduinoMessagingProtocol.a(Message.o)
                0x0000000000000caa                _ZN7Message10getPayloadEv
 .text._ZN26SoftwareSerialOutputStream5writeEh
                0x0000000000000cb2       0x18 /work/opensource/personal/microcontroller/arduino/ArduinoLibraries/ArduinoIO/Release/libArduinoIO.a(SoftwareSerialOutputStream.o)
                0x0000000000000cb2                _ZN26SoftwareSerialOutputStream5writeEh
 .text._ZN26SoftwareSerialOutputStream5writeEPhii
                0x0000000000000cca       0x1e /work/opensource/personal/microcontroller/arduino/ArduinoLibraries/ArduinoIO/Release/libArduinoIO.a(SoftwareSerialOutputStream.o)
                0x0000000000000cca                _ZN26SoftwareSerialOutputStream5writeEPhii
 .text._ZN26SoftwareSerialOutputStreamC2EP14SoftwareSerial
                0x0000000000000ce8       0x10 /work/opensource/personal/microcontroller/arduino/ArduinoLibraries/ArduinoIO/Release/libArduinoIO.a(SoftwareSerialOutputStream.o)
                0x0000000000000ce8                _ZN26SoftwareSerialOutputStreamC1EP14SoftwareSerial
                0x0000000000000ce8                _ZN26SoftwareSerialOutputStreamC2EP14SoftwareSerial
 .text._ZN25SoftwareSerialInputStream9availableEv
                0x0000000000000cf8       0x18 /work/opensource/personal/microcontroller/arduino/ArduinoLibraries/ArduinoIO/Release/libArduinoIO.a(SoftwareSerialInputStream.o)
                0x0000000000000cf8                _ZN25SoftwareSerialInputStream9availableEv
 .text._ZN25SoftwareSerialInputStream4readEv
                0x0000000000000d10       0x18 /work/opensource/personal/microcontroller/arduino/ArduinoLibraries/ArduinoIO/Release/libArduinoIO.a(SoftwareSerialInputStream.o)
                0x0000000000000d10                _ZN25SoftwareSerialInputStream4readEv
 .text._ZN25SoftwareSerialInputStream4readEPhii
                0x0000000000000d28       0x10 /work/opensource/personal/microcontroller/arduino/ArduinoLibraries/ArduinoIO/Release/libArduinoIO.a(SoftwareSerialInputStream.o)
                0x0000000000000d28                _ZN25SoftwareSerialInputStream4readEPhii
 .text._ZN25SoftwareSerialInputStreamC2EP14SoftwareSerial
                0x0000000000000d38       0x10 /work/opensource/personal/microcontroller/arduino/ArduinoLibraries/ArduinoIO/Release/libArduinoIO.a(SoftwareSerialInputStream.o)
                0x0000000000000d38                _ZN25SoftwareSerialInputStreamC2EP14SoftwareSerial
                0x0000000000000d38                _ZN25SoftwareSerialInputStreamC1EP14SoftwareSerial
 .text._ZN12OutputStream5writeEPhi
                0x0000000000000d48       0x14 /work/opensource/personal/microcontroller/arduino/ArduinoLibraries/ArduinoIO/Release/libArduinoIO.a(OutputStream.o)
                0x0000000000000d48                _ZN12OutputStream5writeEPhi
 .text._ZN12OutputStream5flushEv
                0x0000000000000d5c        0x2 /work/opensource/personal/microcontroller/arduino/ArduinoLibraries/ArduinoIO/Release/libArduinoIO.a(OutputStream.o)
                0x0000000000000d5c                _ZN12OutputStream5flushEv
 .text._ZN12OutputStream5closeEv
                0x0000000000000d5e        0x2 /work/opensource/personal/microcontroller/arduino/ArduinoLibraries/ArduinoIO/Release/libArduinoIO.a(OutputStream.o)
                0x0000000000000d5e                _ZN12OutputStream5closeEv
 .text._ZN12OutputStream4markEv
                0x0000000000000d60        0x2 /work/opensource/personal/microcontroller/arduino/ArduinoLibraries/ArduinoIO/Release/libArduinoIO.a(OutputStream.o)
                0x0000000000000d60                _ZN12OutputStream4markEv
 .text._ZN12OutputStream13markSupportedEv
                0x0000000000000d62        0x4 /work/opensource/personal/microcontroller/arduino/ArduinoLibraries/ArduinoIO/Release/libArduinoIO.a(OutputStream.o)
                0x0000000000000d62                _ZN12OutputStream13markSupportedEv
 .text._ZN12OutputStream5resetEv
                0x0000000000000d66        0x2 /work/opensource/personal/microcontroller/arduino/ArduinoLibraries/ArduinoIO/Release/libArduinoIO.a(OutputStream.o)
                0x0000000000000d66                _ZN12OutputStream5resetEv
 .text._ZN12OutputStream5writeEPhii
                0x0000000000000d68       0x5a /work/opensource/personal/microcontroller/arduino/ArduinoLibraries/ArduinoIO/Release/libArduinoIO.a(OutputStream.o)
                0x0000000000000d68                _ZN12OutputStream5writeEPhii
 .text._ZN11InputStream9availableEv
                0x0000000000000dc2        0x6 /work/opensource/personal/microcontroller/arduino/ArduinoLibraries/ArduinoIO/Release/libArduinoIO.a(InputStream.o)
                0x0000000000000dc2                _ZN11InputStream9availableEv
 .text._ZN11InputStream5closeEv
                0x0000000000000dc8        0x2 /work/opensource/personal/microcontroller/arduino/ArduinoLibraries/ArduinoIO/Release/libArduinoIO.a(InputStream.o)
                0x0000000000000dc8                _ZN11InputStream5closeEv
 .text._ZN11InputStream4markEv
                0x0000000000000dca        0x2 /work/opensource/personal/microcontroller/arduino/ArduinoLibraries/ArduinoIO/Release/libArduinoIO.a(InputStream.o)
                0x0000000000000dca                _ZN11InputStream4markEv
 .text._ZN11InputStream13markSupportedEv
                0x0000000000000dcc        0x4 /work/opensource/personal/microcontroller/arduino/ArduinoLibraries/ArduinoIO/Release/libArduinoIO.a(InputStream.o)
                0x0000000000000dcc                _ZN11InputStream13markSupportedEv
 .text._ZN11InputStream4readEPhi
                0x0000000000000dd0       0x14 /work/opensource/personal/microcontroller/arduino/ArduinoLibraries/ArduinoIO/Release/libArduinoIO.a(InputStream.o)
                0x0000000000000dd0                _ZN11InputStream4readEPhi
 .text._ZN11InputStream4readEPhii
                0x0000000000000de4       0x88 /work/opensource/personal/microcontroller/arduino/ArduinoLibraries/ArduinoIO/Release/libArduinoIO.a(InputStream.o)
                0x0000000000000de4                _ZN11InputStream4readEPhii
 .text._ZN11InputStream5resetEv
                0x0000000000000e6c        0x2 /work/opensource/personal/microcontroller/arduino/ArduinoLibraries/ArduinoIO/Release/libArduinoIO.a(InputStream.o)
                0x0000000000000e6c                _ZN11InputStream5resetEv
 .text._ZN11InputStream4skipEj
                0x0000000000000e6e       0x52 /work/opensource/personal/microcontroller/arduino/ArduinoLibraries/ArduinoIO/Release/libArduinoIO.a(InputStream.o)
                0x0000000000000e6e                _ZN11InputStream4skipEj
 .text._ZN26ExternalEepromOutputStream5writeEh
                0x0000000000000ec0       0x36 /work/opensource/personal/microcontroller/arduino/ArduinoLibraries/ArduinoIO/Release/libArduinoIO.a(ExternalEepromOutputStream.o)
                0x0000000000000ec0                _ZN26ExternalEepromOutputStream5writeEh
 .text._ZN26ExternalEepromOutputStream5writeEPhii
                0x0000000000000ef6       0x40 /work/opensource/personal/microcontroller/arduino/ArduinoLibraries/ArduinoIO/Release/libArduinoIO.a(ExternalEepromOutputStream.o)
                0x0000000000000ef6                _ZN26ExternalEepromOutputStream5writeEPhii
 .text._ZN26ExternalEepromOutputStream4seekEj
                0x0000000000000f36       0x12 /work/opensource/personal/microcontroller/arduino/ArduinoLibraries/ArduinoIO/Release/libArduinoIO.a(ExternalEepromOutputStream.o)
                0x0000000000000f36                _ZN26ExternalEepromOutputStream4seekEj
 .text._ZN26ExternalEepromOutputStream4markEv
                0x0000000000000f48        0xc /work/opensource/personal/microcontroller/arduino/ArduinoLibraries/ArduinoIO/Release/libArduinoIO.a(ExternalEepromOutputStream.o)
                0x0000000000000f48                _ZN26ExternalEepromOutputStream4markEv
 .text._ZN26ExternalEepromOutputStream13markSupportedEv
                0x0000000000000f54        0x4 /work/opensource/personal/microcontroller/arduino/ArduinoLibraries/ArduinoIO/Release/libArduinoIO.a(ExternalEepromOutputStream.o)
                0x0000000000000f54                _ZN26ExternalEepromOutputStream13markSupportedEv
 .text._ZN26ExternalEepromOutputStream5resetEv
                0x0000000000000f58        0xc /work/opensource/personal/microcontroller/arduino/ArduinoLibraries/ArduinoIO/Release/libArduinoIO.a(ExternalEepromOutputStream.o)
                0x0000000000000f58                _ZN26ExternalEepromOutputStream5resetEv
 .text._ZN20SeekableOutputStreamC2Ev
                0x0000000000000f64       0x3e /work/opensource/personal/microcontroller/arduino/ArduinoLibraries/ArduinoIO/Release/libArduinoIO.a(ExternalEepromOutputStream.o)
                0x0000000000000f64                _ZN20SeekableOutputStreamC2Ev
 .text._ZN26ExternalEepromOutputStreamC1EP14ExternalEeprom
                0x0000000000000fa2       0x54 /work/opensource/personal/microcontroller/arduino/ArduinoLibraries/ArduinoIO/Release/libArduinoIO.a(ExternalEepromOutputStream.o)
                0x0000000000000fa2                _ZN26ExternalEepromOutputStreamC1EP14ExternalEeprom
 .text._ZTv0_n10_N26ExternalEepromOutputStream5writeEh
                0x0000000000000ff6       0x12 /work/opensource/personal/microcontroller/arduino/ArduinoLibraries/ArduinoIO/Release/libArduinoIO.a(ExternalEepromOutputStream.o)
                0x0000000000000ff6                _ZTv0_n10_N26ExternalEepromOutputStream5writeEh
 .text._ZTv0_n14_N26ExternalEepromOutputStream5writeEPhii
                0x0000000000001008       0x14 /work/opensource/personal/microcontroller/arduino/ArduinoLibraries/ArduinoIO/Release/libArduinoIO.a(ExternalEepromOutputStream.o)
                0x0000000000001008                _ZTv0_n14_N26ExternalEepromOutputStream5writeEPhii
 .text._ZTv0_n16_N26ExternalEepromOutputStream4markEv
                0x000000000000101c       0x12 /work/opensource/personal/microcontroller/arduino/ArduinoLibraries/ArduinoIO/Release/libArduinoIO.a(ExternalEepromOutputStream.o)
                0x000000000000101c                _ZTv0_n16_N26ExternalEepromOutputStream4markEv
 .text._ZTv0_n18_N26ExternalEepromOutputStream13markSupportedEv
                0x000000000000102e       0x12 /work/opensource/personal/microcontroller/arduino/ArduinoLibraries/ArduinoIO/Release/libArduinoIO.a(ExternalEepromOutputStream.o)
                0x000000000000102e                _ZTv0_n18_N26ExternalEepromOutputStream13markSupportedEv
 .text._ZTv0_n20_N26ExternalEepromOutputStream5resetEv
                0x0000000000001040       0x12 /work/opensource/personal/microcontroller/arduino/ArduinoLibraries/ArduinoIO/Release/libArduinoIO.a(ExternalEepromOutputStream.o)
                0x0000000000001040                _ZTv0_n20_N26ExternalEepromOutputStream5resetEv
 .text._ZN25ExternalEepromInputStream9availableEv
                0x0000000000001052       0x1c /work/opensource/personal/microcontroller/arduino/ArduinoLibraries/ArduinoIO/Release/libArduinoIO.a(ExternalEepromInputStream.o)
                0x0000000000001052                _ZN25ExternalEepromInputStream9availableEv
 .text._ZN25ExternalEepromInputStream4readEv
                0x000000000000106e       0x4e /work/opensource/personal/microcontroller/arduino/ArduinoLibraries/ArduinoIO/Release/libArduinoIO.a(ExternalEepromInputStream.o)
                0x000000000000106e                _ZN25ExternalEepromInputStream4readEv
 .text._ZN25ExternalEepromInputStream4readEPhii
                0x00000000000010bc       0x4e /work/opensource/personal/microcontroller/arduino/ArduinoLibraries/ArduinoIO/Release/libArduinoIO.a(ExternalEepromInputStream.o)
                0x00000000000010bc                _ZN25ExternalEepromInputStream4readEPhii
 .text._ZN25ExternalEepromInputStream4markEv
                0x000000000000110a        0xc /work/opensource/personal/microcontroller/arduino/ArduinoLibraries/ArduinoIO/Release/libArduinoIO.a(ExternalEepromInputStream.o)
                0x000000000000110a                _ZN25ExternalEepromInputStream4markEv
 .text._ZN25ExternalEepromInputStream13markSupportedEv
                0x0000000000001116        0x4 /work/opensource/personal/microcontroller/arduino/ArduinoLibraries/ArduinoIO/Release/libArduinoIO.a(ExternalEepromInputStream.o)
                0x0000000000001116                _ZN25ExternalEepromInputStream13markSupportedEv
 .text._ZN25ExternalEepromInputStream5resetEv
                0x000000000000111a        0xc /work/opensource/personal/microcontroller/arduino/ArduinoLibraries/ArduinoIO/Release/libArduinoIO.a(ExternalEepromInputStream.o)
                0x000000000000111a                _ZN25ExternalEepromInputStream5resetEv
 .text._ZN25ExternalEepromInputStream4seekEj
                0x0000000000001126       0x12 /work/opensource/personal/microcontroller/arduino/ArduinoLibraries/ArduinoIO/Release/libArduinoIO.a(ExternalEepromInputStream.o)
                0x0000000000001126                _ZN25ExternalEepromInputStream4seekEj
 .text._ZN25ExternalEepromInputStreamC1EP14ExternalEeprom
                0x0000000000001138       0x36 /work/opensource/personal/microcontroller/arduino/ArduinoLibraries/ArduinoIO/Release/libArduinoIO.a(ExternalEepromInputStream.o)
                0x0000000000001138                _ZN25ExternalEepromInputStreamC1EP14ExternalEeprom
 .text._ZTv0_n8_N25ExternalEepromInputStream9availableEv
                0x000000000000116e       0x12 /work/opensource/personal/microcontroller/arduino/ArduinoLibraries/ArduinoIO/Release/libArduinoIO.a(ExternalEepromInputStream.o)
                0x000000000000116e                _ZTv0_n8_N25ExternalEepromInputStream9availableEv
 .text._ZTv0_n14_N25ExternalEepromInputStream4readEv
                0x0000000000001180       0x12 /work/opensource/personal/microcontroller/arduino/ArduinoLibraries/ArduinoIO/Release/libArduinoIO.a(ExternalEepromInputStream.o)
                0x0000000000001180                _ZTv0_n14_N25ExternalEepromInputStream4readEv
 .text._ZTv0_n18_N25ExternalEepromInputStream4readEPhii
                0x0000000000001192       0x14 /work/opensource/personal/microcontroller/arduino/ArduinoLibraries/ArduinoIO/Release/libArduinoIO.a(ExternalEepromInputStream.o)
                0x0000000000001192                _ZTv0_n18_N25ExternalEepromInputStream4readEPhii
 .text._ZTv0_n10_N25ExternalEepromInputStream4markEv
                0x00000000000011a6       0x12 /work/opensource/personal/microcontroller/arduino/ArduinoLibraries/ArduinoIO/Release/libArduinoIO.a(ExternalEepromInputStream.o)
                0x00000000000011a6                _ZTv0_n10_N25ExternalEepromInputStream4markEv
 .text._ZTv0_n12_N25ExternalEepromInputStream13markSupportedEv
                0x00000000000011b8       0x12 /work/opensource/personal/microcontroller/arduino/ArduinoLibraries/ArduinoIO/Release/libArduinoIO.a(ExternalEepromInputStream.o)
                0x00000000000011b8                _ZTv0_n12_N25ExternalEepromInputStream13markSupportedEv
 .text._ZTv0_n20_N25ExternalEepromInputStream5resetEv
                0x00000000000011ca       0x12 /work/opensource/personal/microcontroller/arduino/ArduinoLibraries/ArduinoIO/Release/libArduinoIO.a(ExternalEepromInputStream.o)
                0x00000000000011ca                _ZTv0_n20_N25ExternalEepromInputStream5resetEv
 .text._ZN16DataOutputStream5writeEPhi
                0x00000000000011dc        0xe /work/opensource/personal/microcontroller/arduino/ArduinoLibraries/ArduinoIO/Release/libArduinoIO.a(DataOutputStream.o)
                0x00000000000011dc                _ZN16DataOutputStream5writeEPhi
 .text._ZN16DataOutputStream5writeEh
                0x00000000000011ea        0xe /work/opensource/personal/microcontroller/arduino/ArduinoLibraries/ArduinoIO/Release/libArduinoIO.a(DataOutputStream.o)
                0x00000000000011ea                _ZN16DataOutputStream5writeEh
 .text._ZN16DataOutputStream9writeByteEh
                0x00000000000011f8       0x18 /work/opensource/personal/microcontroller/arduino/ArduinoLibraries/ArduinoIO/Release/libArduinoIO.a(DataOutputStream.o)
                0x00000000000011f8                _ZN16DataOutputStream9writeByteEh
 .text._ZN16DataOutputStream10writeBytesEPhi
                0x0000000000001210       0x52 /work/opensource/personal/microcontroller/arduino/ArduinoLibraries/ArduinoIO/Release/libArduinoIO.a(DataOutputStream.o)
                0x0000000000001210                _ZN16DataOutputStream10writeBytesEPhi
 .text._ZN16DataOutputStream12writeBooleanEb
                0x0000000000001262       0x18 /work/opensource/personal/microcontroller/arduino/ArduinoLibraries/ArduinoIO/Release/libArduinoIO.a(DataOutputStream.o)
                0x0000000000001262                _ZN16DataOutputStream12writeBooleanEb
 .text._ZN16DataOutputStream9writeCharEc
                0x000000000000127a       0x18 /work/opensource/personal/microcontroller/arduino/ArduinoLibraries/ArduinoIO/Release/libArduinoIO.a(DataOutputStream.o)
                0x000000000000127a                _ZN16DataOutputStream9writeCharEc
 .text._ZN16DataOutputStream17writeUnsignedCharEh
                0x0000000000001292       0x18 /work/opensource/personal/microcontroller/arduino/ArduinoLibraries/ArduinoIO/Release/libArduinoIO.a(DataOutputStream.o)
                0x0000000000001292                _ZN16DataOutputStream17writeUnsignedCharEh
 .text._ZN16DataOutputStream8writeIntEi
                0x00000000000012aa       0x30 /work/opensource/personal/microcontroller/arduino/ArduinoLibraries/ArduinoIO/Release/libArduinoIO.a(DataOutputStream.o)
                0x00000000000012aa                _ZN16DataOutputStream8writeIntEi
 .text._ZN16DataOutputStream16writeUnsignedIntEj
                0x00000000000012da        0xe /work/opensource/personal/microcontroller/arduino/ArduinoLibraries/ArduinoIO/Release/libArduinoIO.a(DataOutputStream.o)
                0x00000000000012da                _ZN16DataOutputStream16writeUnsignedIntEj
 .text._ZN16DataOutputStream9writeWordEj
                0x00000000000012e8        0xe /work/opensource/personal/microcontroller/arduino/ArduinoLibraries/ArduinoIO/Release/libArduinoIO.a(DataOutputStream.o)
                0x00000000000012e8                _ZN16DataOutputStream9writeWordEj
 .text._ZN16DataOutputStream9writeLongEl
                0x00000000000012f6       0x3a /work/opensource/personal/microcontroller/arduino/ArduinoLibraries/ArduinoIO/Release/libArduinoIO.a(DataOutputStream.o)
                0x00000000000012f6                _ZN16DataOutputStream9writeLongEl
 .text._ZN16DataOutputStream17writeUnsignedLongEm
                0x0000000000001330        0xe /work/opensource/personal/microcontroller/arduino/ArduinoLibraries/ArduinoIO/Release/libArduinoIO.a(DataOutputStream.o)
                0x0000000000001330                _ZN16DataOutputStream17writeUnsignedLongEm
 .text._ZN16DataOutputStream10writeFloatEf
                0x000000000000133e       0x3a /work/opensource/personal/microcontroller/arduino/ArduinoLibraries/ArduinoIO/Release/libArduinoIO.a(DataOutputStream.o)
                0x000000000000133e                _ZN16DataOutputStream10writeFloatEf
 .text._ZN16DataOutputStream11writeDoubleEd
                0x0000000000001378       0x3a /work/opensource/personal/microcontroller/arduino/ArduinoLibraries/ArduinoIO/Release/libArduinoIO.a(DataOutputStream.o)
                0x0000000000001378                _ZN16DataOutputStream11writeDoubleEd
 .text._ZN16DataOutputStreamC2EP12OutputStream
                0x00000000000013b2       0x10 /work/opensource/personal/microcontroller/arduino/ArduinoLibraries/ArduinoIO/Release/libArduinoIO.a(DataOutputStream.o)
                0x00000000000013b2                _ZN16DataOutputStreamC2EP12OutputStream
                0x00000000000013b2                _ZN16DataOutputStreamC1EP12OutputStream
 .text._ZN15DataInputStream8readByteEv
                0x00000000000013c2       0x1a /work/opensource/personal/microcontroller/arduino/ArduinoLibraries/ArduinoIO/Release/libArduinoIO.a(DataInputStream.o)
                0x00000000000013c2                _ZN15DataInputStream8readByteEv
 .text._ZN15DataInputStream11readBooleanEv
                0x00000000000013dc       0x24 /work/opensource/personal/microcontroller/arduino/ArduinoLibraries/ArduinoIO/Release/libArduinoIO.a(DataInputStream.o)
                0x00000000000013dc                _ZN15DataInputStream11readBooleanEv
 .text._ZN15DataInputStream8readCharEv
                0x0000000000001400       0x1a /work/opensource/personal/microcontroller/arduino/ArduinoLibraries/ArduinoIO/Release/libArduinoIO.a(DataInputStream.o)
                0x0000000000001400                _ZN15DataInputStream8readCharEv
 .text._ZN15DataInputStream16readUnsignedCharEv
                0x000000000000141a       0x1a /work/opensource/personal/microcontroller/arduino/ArduinoLibraries/ArduinoIO/Release/libArduinoIO.a(DataInputStream.o)
                0x000000000000141a                _ZN15DataInputStream16readUnsignedCharEv
 .text._ZN15DataInputStream7readIntEv
                0x0000000000001434       0x34 /work/opensource/personal/microcontroller/arduino/ArduinoLibraries/ArduinoIO/Release/libArduinoIO.a(DataInputStream.o)
                0x0000000000001434                _ZN15DataInputStream7readIntEv
 .text._ZN15DataInputStream15readUnsignedIntEv
                0x0000000000001468        0xe /work/opensource/personal/microcontroller/arduino/ArduinoLibraries/ArduinoIO/Release/libArduinoIO.a(DataInputStream.o)
                0x0000000000001468                _ZN15DataInputStream15readUnsignedIntEv
 .text._ZN15DataInputStream8readWordEv
                0x0000000000001476        0xe /work/opensource/personal/microcontroller/arduino/ArduinoLibraries/ArduinoIO/Release/libArduinoIO.a(DataInputStream.o)
                0x0000000000001476                _ZN15DataInputStream8readWordEv
 .text._ZN15DataInputStream8readLongEv
                0x0000000000001484       0x42 /work/opensource/personal/microcontroller/arduino/ArduinoLibraries/ArduinoIO/Release/libArduinoIO.a(DataInputStream.o)
                0x0000000000001484                _ZN15DataInputStream8readLongEv
 .text._ZN15DataInputStream16readUnsignedLongEv
                0x00000000000014c6        0xe /work/opensource/personal/microcontroller/arduino/ArduinoLibraries/ArduinoIO/Release/libArduinoIO.a(DataInputStream.o)
                0x00000000000014c6                _ZN15DataInputStream16readUnsignedLongEv
 .text._ZN15DataInputStream9readFloatEv
                0x00000000000014d4       0x42 /work/opensource/personal/microcontroller/arduino/ArduinoLibraries/ArduinoIO/Release/libArduinoIO.a(DataInputStream.o)
                0x00000000000014d4                _ZN15DataInputStream9readFloatEv
 .text._ZN15DataInputStream10readDoubleEv
                0x0000000000001516       0x12 /work/opensource/personal/microcontroller/arduino/ArduinoLibraries/ArduinoIO/Release/libArduinoIO.a(DataInputStream.o)
                0x0000000000001516                _ZN15DataInputStream10readDoubleEv
 .text._ZN15DataInputStream9readFullyEPhi
                0x0000000000001528       0x52 /work/opensource/personal/microcontroller/arduino/ArduinoLibraries/ArduinoIO/Release/libArduinoIO.a(DataInputStream.o)
                0x0000000000001528                _ZN15DataInputStream9readFullyEPhi
 .text._ZN15DataInputStream9skipBytesEj
                0x000000000000157a       0x18 /work/opensource/personal/microcontroller/arduino/ArduinoLibraries/ArduinoIO/Release/libArduinoIO.a(DataInputStream.o)
                0x000000000000157a                _ZN15DataInputStream9skipBytesEj
 .text._ZN15DataInputStreamC2EP11InputStream
                0x0000000000001592       0x10 /work/opensource/personal/microcontroller/arduino/ArduinoLibraries/ArduinoIO/Release/libArduinoIO.a(DataInputStream.o)
                0x0000000000001592                _ZN15DataInputStreamC2EP11InputStream
                0x0000000000001592                _ZN15DataInputStreamC1EP11InputStream
 .text._ZN21ByteArrayOutputStreamD1Ev
                0x00000000000015a2       0x14 /work/opensource/personal/microcontroller/arduino/ArduinoLibraries/ArduinoIO/Release/libArduinoIO.a(ByteArrayOutputStream.o)
                0x00000000000015a2                _ZN21ByteArrayOutputStreamD1Ev
 .text._ZN21ByteArrayOutputStream5writeEh
                0x00000000000015b6       0x1c /work/opensource/personal/microcontroller/arduino/ArduinoLibraries/ArduinoIO/Release/libArduinoIO.a(ByteArrayOutputStream.o)
                0x00000000000015b6                _ZN21ByteArrayOutputStream5writeEh
 .text._ZN21ByteArrayOutputStream4markEv
                0x00000000000015d2        0xc /work/opensource/personal/microcontroller/arduino/ArduinoLibraries/ArduinoIO/Release/libArduinoIO.a(ByteArrayOutputStream.o)
                0x00000000000015d2                _ZN21ByteArrayOutputStream4markEv
 .text._ZN21ByteArrayOutputStream13markSupportedEv
                0x00000000000015de        0x4 /work/opensource/personal/microcontroller/arduino/ArduinoLibraries/ArduinoIO/Release/libArduinoIO.a(ByteArrayOutputStream.o)
                0x00000000000015de                _ZN21ByteArrayOutputStream13markSupportedEv
 .text._ZN21ByteArrayOutputStream5resetEv
                0x00000000000015e2        0xc /work/opensource/personal/microcontroller/arduino/ArduinoLibraries/ArduinoIO/Release/libArduinoIO.a(ByteArrayOutputStream.o)
                0x00000000000015e2                _ZN21ByteArrayOutputStream5resetEv
 .text._ZN21ByteArrayOutputStream4seekEj
                0x00000000000015ee       0x12 /work/opensource/personal/microcontroller/arduino/ArduinoLibraries/ArduinoIO/Release/libArduinoIO.a(ByteArrayOutputStream.o)
                0x00000000000015ee                _ZN21ByteArrayOutputStream4seekEj
 .text._ZN21ByteArrayOutputStreamD0Ev
                0x0000000000001600       0x16 /work/opensource/personal/microcontroller/arduino/ArduinoLibraries/ArduinoIO/Release/libArduinoIO.a(ByteArrayOutputStream.o)
                0x0000000000001600                _ZN21ByteArrayOutputStreamD0Ev
 .text._ZN21ByteArrayOutputStreamC1EPhj
                0x0000000000001616       0x58 /work/opensource/personal/microcontroller/arduino/ArduinoLibraries/ArduinoIO/Release/libArduinoIO.a(ByteArrayOutputStream.o)
                0x0000000000001616                _ZN21ByteArrayOutputStreamC1EPhj
 .text._ZTv0_n10_N21ByteArrayOutputStream5writeEh
                0x000000000000166e       0x12 /work/opensource/personal/microcontroller/arduino/ArduinoLibraries/ArduinoIO/Release/libArduinoIO.a(ByteArrayOutputStream.o)
                0x000000000000166e                _ZTv0_n10_N21ByteArrayOutputStream5writeEh
 .text._ZTv0_n16_N21ByteArrayOutputStream4markEv
                0x0000000000001680       0x12 /work/opensource/personal/microcontroller/arduino/ArduinoLibraries/ArduinoIO/Release/libArduinoIO.a(ByteArrayOutputStream.o)
                0x0000000000001680                _ZTv0_n16_N21ByteArrayOutputStream4markEv
 .text._ZTv0_n18_N21ByteArrayOutputStream13markSupportedEv
                0x0000000000001692       0x12 /work/opensource/personal/microcontroller/arduino/ArduinoLibraries/ArduinoIO/Release/libArduinoIO.a(ByteArrayOutputStream.o)
                0x0000000000001692                _ZTv0_n18_N21ByteArrayOutputStream13markSupportedEv
 .text._ZTv0_n20_N21ByteArrayOutputStream5resetEv
                0x00000000000016a4       0x12 /work/opensource/personal/microcontroller/arduino/ArduinoLibraries/ArduinoIO/Release/libArduinoIO.a(ByteArrayOutputStream.o)
                0x00000000000016a4                _ZTv0_n20_N21ByteArrayOutputStream5resetEv
 .text._ZN20ByteArrayInputStream9availableEv
                0x00000000000016b6       0x1a /work/opensource/personal/microcontroller/arduino/ArduinoLibraries/ArduinoIO/Release/libArduinoIO.a(ByteArrayInputStream.o)
                0x00000000000016b6                _ZN20ByteArrayInputStream9availableEv
 .text._ZN20ByteArrayInputStream4markEv
                0x00000000000016d0        0xc /work/opensource/personal/microcontroller/arduino/ArduinoLibraries/ArduinoIO/Release/libArduinoIO.a(ByteArrayInputStream.o)
                0x00000000000016d0                _ZN20ByteArrayInputStream4markEv
 .text._ZN20ByteArrayInputStream13markSupportedEv
                0x00000000000016dc        0x4 /work/opensource/personal/microcontroller/arduino/ArduinoLibraries/ArduinoIO/Release/libArduinoIO.a(ByteArrayInputStream.o)
                0x00000000000016dc                _ZN20ByteArrayInputStream13markSupportedEv
 .text._ZN20ByteArrayInputStream4readEv
                0x00000000000016e0       0x2e /work/opensource/personal/microcontroller/arduino/ArduinoLibraries/ArduinoIO/Release/libArduinoIO.a(ByteArrayInputStream.o)
                0x00000000000016e0                _ZN20ByteArrayInputStream4readEv
 .text._ZN20ByteArrayInputStream5resetEv
                0x000000000000170e        0xc /work/opensource/personal/microcontroller/arduino/ArduinoLibraries/ArduinoIO/Release/libArduinoIO.a(ByteArrayInputStream.o)
                0x000000000000170e                _ZN20ByteArrayInputStream5resetEv
 .text._ZN20ByteArrayInputStream4seekEj
                0x000000000000171a       0x12 /work/opensource/personal/microcontroller/arduino/ArduinoLibraries/ArduinoIO/Release/libArduinoIO.a(ByteArrayInputStream.o)
                0x000000000000171a                _ZN20ByteArrayInputStream4seekEj
 .text._ZN20ByteArrayInputStreamC1EPhj
                0x000000000000172c       0x24 /work/opensource/personal/microcontroller/arduino/ArduinoLibraries/ArduinoIO/Release/libArduinoIO.a(ByteArrayInputStream.o)
                0x000000000000172c                _ZN20ByteArrayInputStreamC1EPhj
 .text._ZTv0_n8_N20ByteArrayInputStream9availableEv
                0x0000000000001750       0x12 /work/opensource/personal/microcontroller/arduino/ArduinoLibraries/ArduinoIO/Release/libArduinoIO.a(ByteArrayInputStream.o)
                0x0000000000001750                _ZTv0_n8_N20ByteArrayInputStream9availableEv
 .text._ZTv0_n10_N20ByteArrayInputStream4markEv
                0x0000000000001762       0x12 /work/opensource/personal/microcontroller/arduino/ArduinoLibraries/ArduinoIO/Release/libArduinoIO.a(ByteArrayInputStream.o)
                0x0000000000001762                _ZTv0_n10_N20ByteArrayInputStream4markEv
 .text._ZTv0_n12_N20ByteArrayInputStream13markSupportedEv
                0x0000000000001774       0x12 /work/opensource/personal/microcontroller/arduino/ArduinoLibraries/ArduinoIO/Release/libArduinoIO.a(ByteArrayInputStream.o)
                0x0000000000001774                _ZTv0_n12_N20ByteArrayInputStream13markSupportedEv
 .text._ZTv0_n14_N20ByteArrayInputStream4readEv
                0x0000000000001786       0x12 /work/opensource/personal/microcontroller/arduino/ArduinoLibraries/ArduinoIO/Release/libArduinoIO.a(ByteArrayInputStream.o)
                0x0000000000001786                _ZTv0_n14_N20ByteArrayInputStream4readEv
 .text._ZTv0_n20_N20ByteArrayInputStream5resetEv
                0x0000000000001798       0x12 /work/opensource/personal/microcontroller/arduino/ArduinoLibraries/ArduinoIO/Release/libArduinoIO.a(ByteArrayInputStream.o)
                0x0000000000001798                _ZTv0_n20_N20ByteArrayInputStream5resetEv
 .text._ZN14ExternalEepromD2Ev
                0x00000000000017aa        0xc /work/opensource/personal/microcontroller/arduino/ArduinoLibraries/ArduinoMemoryDriver/Release/libArduinoMemoryDriver.a(ExternalEeprom.o)
                0x00000000000017aa                _ZN14ExternalEepromD2Ev
                0x00000000000017aa                _ZN14ExternalEepromD1Ev
 .text._ZN14ExternalEeprom5writeEjh
                0x00000000000017b6       0x2c /work/opensource/personal/microcontroller/arduino/ArduinoLibraries/ArduinoMemoryDriver/Release/libArduinoMemoryDriver.a(ExternalEeprom.o)
                0x00000000000017b6                _ZN14ExternalEeprom5writeEjh
 .text._ZN14ExternalEeprom4readEj
                0x00000000000017e2       0x36 /work/opensource/personal/microcontroller/arduino/ArduinoLibraries/ArduinoMemoryDriver/Release/libArduinoMemoryDriver.a(ExternalEeprom.o)
                0x00000000000017e2                _ZN14ExternalEeprom4readEj
 .text._ZN14ExternalEeprom9readBytesEjPhi
                0x0000000000001818       0x9e /work/opensource/personal/microcontroller/arduino/ArduinoLibraries/ArduinoMemoryDriver/Release/libArduinoMemoryDriver.a(ExternalEeprom.o)
                0x0000000000001818                _ZN14ExternalEeprom9readBytesEjPhi
 .text._ZN14ExternalEepromD0Ev
                0x00000000000018b6        0xe /work/opensource/personal/microcontroller/arduino/ArduinoLibraries/ArduinoMemoryDriver/Release/libArduinoMemoryDriver.a(ExternalEeprom.o)
                0x00000000000018b6                _ZN14ExternalEepromD0Ev
 .text._ZN14ExternalEepromC2Ehij
                0x00000000000018c4       0x36 /work/opensource/personal/microcontroller/arduino/ArduinoLibraries/ArduinoMemoryDriver/Release/libArduinoMemoryDriver.a(ExternalEeprom.o)
                0x00000000000018c4                _ZN14ExternalEepromC2Ehij
                0x00000000000018c4                _ZN14ExternalEepromC1Ehij
 .text._ZN14ExternalEeprom9endOfPageEj
                0x00000000000018fa       0x2e /work/opensource/personal/microcontroller/arduino/ArduinoLibraries/ArduinoMemoryDriver/Release/libArduinoMemoryDriver.a(ExternalEeprom.o)
                0x00000000000018fa                _ZN14ExternalEeprom9endOfPageEj
 .text._ZN14ExternalEeprom10writeBytesEjPhi
                0x0000000000001928       0x9e /work/opensource/personal/microcontroller/arduino/ArduinoLibraries/ArduinoMemoryDriver/Release/libArduinoMemoryDriver.a(ExternalEeprom.o)
                0x0000000000001928                _ZN14ExternalEeprom10writeBytesEjPhi
 .text._ZN14ExternalEeprom8setBytesEjhi
                0x00000000000019c6      0x10a /work/opensource/personal/microcontroller/arduino/ArduinoLibraries/ArduinoMemoryDriver/Release/libArduinoMemoryDriver.a(ExternalEeprom.o)
                0x00000000000019c6                _ZN14ExternalEeprom8setBytesEjhi
 .text._ZN21External24cl256EepromC2Eh
                0x0000000000001ad0       0x22 /work/opensource/personal/microcontroller/arduino/ArduinoLibraries/ArduinoMemoryDriver/Release/libArduinoMemoryDriver.a(External24cl256Eeprom.o)
                0x0000000000001ad0                _ZN21External24cl256EepromC1Eh
                0x0000000000001ad0                _ZN21External24cl256EepromC2Eh
 .text._ZN24RegisterBasedWiredDeviceC2Eh
                0x0000000000001af2        0x2 /work/opensource/personal/microcontroller/arduino/ArduinoLibraries/ArduinoDevice/Release/libArduinoDevice.a(RegisterBasedWiredDevice.o)
                0x0000000000001af2                _ZN24RegisterBasedWiredDeviceC2Eh
                0x0000000000001af2                _ZN24RegisterBasedWiredDeviceC1Eh
 .text._ZN24RegisterBasedWiredDevice18writeRegisterBlockEhPhh
                0x0000000000001af4       0x48 /work/opensource/personal/microcontroller/arduino/ArduinoLibraries/ArduinoDevice/Release/libArduinoDevice.a(RegisterBasedWiredDevice.o)
                0x0000000000001af4                _ZN24RegisterBasedWiredDevice18writeRegisterBlockEhPhh
 .text._ZN24RegisterBasedWiredDevice13writeRegisterEhh
                0x0000000000001b3c       0x1e /work/opensource/personal/microcontroller/arduino/ArduinoLibraries/ArduinoDevice/Release/libArduinoDevice.a(RegisterBasedWiredDevice.o)
                0x0000000000001b3c                _ZN24RegisterBasedWiredDevice13writeRegisterEhh
 .text._ZN24RegisterBasedWiredDevice17readRegisterBlockEhPhh
                0x0000000000001b5a       0xbc /work/opensource/personal/microcontroller/arduino/ArduinoLibraries/ArduinoDevice/Release/libArduinoDevice.a(RegisterBasedWiredDevice.o)
                0x0000000000001b5a                _ZN24RegisterBasedWiredDevice17readRegisterBlockEhPhh
 .text._ZN24RegisterBasedWiredDevice12readRegisterEh
                0x0000000000001c16       0x24 /work/opensource/personal/microcontroller/arduino/ArduinoLibraries/ArduinoDevice/Release/libArduinoDevice.a(RegisterBasedWiredDevice.o)
                0x0000000000001c16                _ZN24RegisterBasedWiredDevice12readRegisterEh
 .text._ZN24RegisterBasedWiredDevice21configureRegisterBitsEhhh
                0x0000000000001c3a       0x3e /work/opensource/personal/microcontroller/arduino/ArduinoLibraries/ArduinoDevice/Release/libArduinoDevice.a(RegisterBasedWiredDevice.o)
                0x0000000000001c3a                _ZN24RegisterBasedWiredDevice21configureRegisterBitsEhhh
 .text._ZN22EepromBasedWiredDeviceD2Ev
                0x0000000000001c78        0xc /work/opensource/personal/microcontroller/arduino/ArduinoLibraries/ArduinoDevice/Release/libArduinoDevice.a(EepromBasedWiredDevice.o)
                0x0000000000001c78                _ZN22EepromBasedWiredDeviceD1Ev
                0x0000000000001c78                _ZN22EepromBasedWiredDeviceD2Ev
 .text._ZN22EepromBasedWiredDeviceD0Ev
                0x0000000000001c84        0xc /work/opensource/personal/microcontroller/arduino/ArduinoLibraries/ArduinoDevice/Release/libArduinoDevice.a(EepromBasedWiredDevice.o)
                0x0000000000001c84                _ZN22EepromBasedWiredDeviceD0Ev
 .text._ZN7TwoWire5writeEi
                0x0000000000001c90        0xe /work/opensource/personal/microcontroller/arduino/ArduinoLibraries/ArduinoDevice/Release/libArduinoDevice.a(EepromBasedWiredDevice.o)
                0x0000000000001c90                _ZN7TwoWire5writeEi
 .text._ZN22EepromBasedWiredDeviceC2Ehc
                0x0000000000001c9e       0x32 /work/opensource/personal/microcontroller/arduino/ArduinoLibraries/ArduinoDevice/Release/libArduinoDevice.a(EepromBasedWiredDevice.o)
                0x0000000000001c9e                _ZN22EepromBasedWiredDeviceC1Ehc
                0x0000000000001c9e                _ZN22EepromBasedWiredDeviceC2Ehc
 .text._ZN22EepromBasedWiredDeviceC2Eh
                0x0000000000001cd0        0x4 /work/opensource/personal/microcontroller/arduino/ArduinoLibraries/ArduinoDevice/Release/libArduinoDevice.a(EepromBasedWiredDevice.o)
                0x0000000000001cd0                _ZN22EepromBasedWiredDeviceC2Eh
                0x0000000000001cd0                _ZN22EepromBasedWiredDeviceC1Eh
 .text._ZN22EepromBasedWiredDevice14setAddressSizeEc
                0x0000000000001cd4        0x6 /work/opensource/personal/microcontroller/arduino/ArduinoLibraries/ArduinoDevice/Release/libArduinoDevice.a(EepromBasedWiredDevice.o)
                0x0000000000001cd4                _ZN22EepromBasedWiredDevice14setAddressSizeEc
 .text._ZN22EepromBasedWiredDevice10writeBlockEjPhi
                0x0000000000001cda       0x7c /work/opensource/personal/microcontroller/arduino/ArduinoLibraries/ArduinoDevice/Release/libArduinoDevice.a(EepromBasedWiredDevice.o)
                0x0000000000001cda                _ZN22EepromBasedWiredDevice10writeBlockEjPhi
 .text._ZN22EepromBasedWiredDevice9readBlockEjPhi
                0x0000000000001d56      0x166 /work/opensource/personal/microcontroller/arduino/ArduinoLibraries/ArduinoDevice/Release/libArduinoDevice.a(EepromBasedWiredDevice.o)
                0x0000000000001d56                _ZN22EepromBasedWiredDevice9readBlockEjPhi
 .text._ZN11WiredDeviceC2Eh
                0x0000000000001ebc        0xa /work/opensource/personal/microcontroller/arduino/ArduinoLibraries/ArduinoDevice/Release/libArduinoDevice.a(WiredDevice.o)
                0x0000000000001ebc                _ZN11WiredDeviceC2Eh
                0x0000000000001ebc                _ZN11WiredDeviceC1Eh
 .text._ZN11WiredDevice16getDeviceAddressEv
                0x0000000000001ec6        0x6 /work/opensource/personal/microcontroller/arduino/ArduinoLibraries/ArduinoDevice/Release/libArduinoDevice.a(WiredDevice.o)
                0x0000000000001ec6                _ZN11WiredDevice16getDeviceAddressEv
 .text._ZN7TwoWire9availableEv
                0x0000000000001ecc       0x10 /work/opensource/personal/microcontroller/arduino/ArduinoLibraries/ArduinoCore/Release/libArduinoCore.a(Wire.o)
                0x0000000000001ecc                _ZN7TwoWire9availableEv
 .text._ZN7TwoWire4readEv
                0x0000000000001edc       0x26 /work/opensource/personal/microcontroller/arduino/ArduinoLibraries/ArduinoCore/Release/libArduinoCore.a(Wire.o)
                0x0000000000001edc                _ZN7TwoWire4readEv
 .text._ZN7TwoWire4peekEv
                0x0000000000001f02       0x1e /work/opensource/personal/microcontroller/arduino/ArduinoLibraries/ArduinoCore/Release/libArduinoCore.a(Wire.o)
                0x0000000000001f02                _ZN7TwoWire4peekEv
 .text._ZN7TwoWire5flushEv
                0x0000000000001f20        0x2 /work/opensource/personal/microcontroller/arduino/ArduinoLibraries/ArduinoCore/Release/libArduinoCore.a(Wire.o)
                0x0000000000001f20                _ZN7TwoWire5flushEv
 .text._ZN7TwoWire5writeEPKhj
                0x0000000000001f22       0x5a /work/opensource/personal/microcontroller/arduino/ArduinoLibraries/ArduinoCore/Release/libArduinoCore.a(Wire.o)
                0x0000000000001f22                _ZN7TwoWire5writeEPKhj
 .text._ZN7TwoWire5writeEh
                0x0000000000001f7c       0x5e /work/opensource/personal/microcontroller/arduino/ArduinoLibraries/ArduinoCore/Release/libArduinoCore.a(Wire.o)
                0x0000000000001f7c                _ZN7TwoWire5writeEh
 .text._ZN7TwoWireC2Ev
                0x0000000000001fda       0x20 /work/opensource/personal/microcontroller/arduino/ArduinoLibraries/ArduinoCore/Release/libArduinoCore.a(Wire.o)
                0x0000000000001fda                _ZN7TwoWireC2Ev
                0x0000000000001fda                _ZN7TwoWireC1Ev
 .text._ZN7TwoWire5beginEv
                0x0000000000001ffa       0x12 /work/opensource/personal/microcontroller/arduino/ArduinoLibraries/ArduinoCore/Release/libArduinoCore.a(Wire.o)
                0x0000000000001ffa                _ZN7TwoWire5beginEv
 .text._ZN7TwoWire17beginTransmissionEh
                0x000000000000200c       0x14 /work/opensource/personal/microcontroller/arduino/ArduinoLibraries/ArduinoCore/Release/libArduinoCore.a(Wire.o)
                0x000000000000200c                _ZN7TwoWire17beginTransmissionEh
 .text._ZN7TwoWire15endTransmissionEh
                0x0000000000002020       0x24 /work/opensource/personal/microcontroller/arduino/ArduinoLibraries/ArduinoCore/Release/libArduinoCore.a(Wire.o)
                0x0000000000002020                _ZN7TwoWire15endTransmissionEh
 .text._ZN7TwoWire11requestFromEhhmhh
                0x0000000000002044       0x9c /work/opensource/personal/microcontroller/arduino/ArduinoLibraries/ArduinoCore/Release/libArduinoCore.a(Wire.o)
                0x0000000000002044                _ZN7TwoWire11requestFromEhhmhh
 .text._ZN7TwoWire11requestFromEhhh
                0x00000000000020e0       0x1e /work/opensource/personal/microcontroller/arduino/ArduinoLibraries/ArduinoCore/Release/libArduinoCore.a(Wire.o)
                0x00000000000020e0                _ZN7TwoWire11requestFromEhhh
 .text._ZN7TwoWire11requestFromEhh
                0x00000000000020fe        0x4 /work/opensource/personal/microcontroller/arduino/ArduinoLibraries/ArduinoCore/Release/libArduinoCore.a(Wire.o)
                0x00000000000020fe                _ZN7TwoWire11requestFromEhh
 .text._ZN7TwoWire11requestFromEii
                0x0000000000002102        0x4 /work/opensource/personal/microcontroller/arduino/ArduinoLibraries/ArduinoCore/Release/libArduinoCore.a(Wire.o)
                0x0000000000002102                _ZN7TwoWire11requestFromEii
 .text._ZN7TwoWire15endTransmissionEv
                0x0000000000002106        0x4 /work/opensource/personal/microcontroller/arduino/ArduinoLibraries/ArduinoCore/Release/libArduinoCore.a(Wire.o)
                0x0000000000002106                _ZN7TwoWire15endTransmissionEv
 .text.startup._GLOBAL__sub_I__ZN7TwoWire8rxBufferE
                0x000000000000210a        0x6 /work/opensource/personal/microcontroller/arduino/ArduinoLibraries/ArduinoCore/Release/libArduinoCore.a(Wire.o)
 .text._ZN14SoftwareSerial4readEv
                0x0000000000002110       0x42 /work/opensource/personal/microcontroller/arduino/ArduinoLibraries/ArduinoCore/Release/libArduinoCore.a(SoftwareSerial.o)
                0x0000000000002110                _ZN14SoftwareSerial4readEv
 .text._ZN14SoftwareSerial5writeEh
                0x0000000000002152       0xa4 /work/opensource/personal/microcontroller/arduino/ArduinoLibraries/ArduinoCore/Release/libArduinoCore.a(SoftwareSerial.o)
                0x0000000000002152                _ZN14SoftwareSerial5writeEh
 .text._ZN14SoftwareSerial5flushEv
                0x00000000000021f6        0x2 /work/opensource/personal/microcontroller/arduino/ArduinoLibraries/ArduinoCore/Release/libArduinoCore.a(SoftwareSerial.o)
                0x00000000000021f6                _ZN14SoftwareSerial5flushEv
 .text._ZN14SoftwareSerial4peekEv
                0x00000000000021f8       0x30 /work/opensource/personal/microcontroller/arduino/ArduinoLibraries/ArduinoCore/Release/libArduinoCore.a(SoftwareSerial.o)
                0x00000000000021f8                _ZN14SoftwareSerial4peekEv
 .text._ZN14SoftwareSerial9availableEv
                0x0000000000002228       0x2e /work/opensource/personal/microcontroller/arduino/ArduinoLibraries/ArduinoCore/Release/libArduinoCore.a(SoftwareSerial.o)
                0x0000000000002228                _ZN14SoftwareSerial9availableEv
 .text._ZN14SoftwareSerial13stopListeningEv
                0x0000000000002256       0x2c /work/opensource/personal/microcontroller/arduino/ArduinoLibraries/ArduinoCore/Release/libArduinoCore.a(SoftwareSerial.o)
                0x0000000000002256                _ZN14SoftwareSerial13stopListeningEv
 .text.__vector_3
                0x0000000000002282       0xf4 /work/opensource/personal/microcontroller/arduino/ArduinoLibraries/ArduinoCore/Release/libArduinoCore.a(SoftwareSerial.o)
                0x0000000000002282                __vector_3
                0x0000000000002282                __vector_5
                0x0000000000002282                __vector_4
 .text._ZN14SoftwareSerialD2Ev
                0x0000000000002376        0xc /work/opensource/personal/microcontroller/arduino/ArduinoLibraries/ArduinoCore/Release/libArduinoCore.a(SoftwareSerial.o)
                0x0000000000002376                _ZN14SoftwareSerialD2Ev
                0x0000000000002376                _ZN14SoftwareSerialD1Ev
 .text._ZN14SoftwareSerial5setTXEh
                0x0000000000002382       0x4e /work/opensource/personal/microcontroller/arduino/ArduinoLibraries/ArduinoCore/Release/libArduinoCore.a(SoftwareSerial.o)
                0x0000000000002382                _ZN14SoftwareSerial5setTXEh
 .text._ZN14SoftwareSerial5setRXEh
                0x00000000000023d0       0x4e /work/opensource/personal/microcontroller/arduino/ArduinoLibraries/ArduinoCore/Release/libArduinoCore.a(SoftwareSerial.o)
                0x00000000000023d0                _ZN14SoftwareSerial5setRXEh
 .text._ZN14SoftwareSerialC2Ehhb
                0x000000000000241e       0x5c /work/opensource/personal/microcontroller/arduino/ArduinoLibraries/ArduinoCore/Release/libArduinoCore.a(SoftwareSerial.o)
                0x000000000000241e                _ZN14SoftwareSerialC2Ehhb
                0x000000000000241e                _ZN14SoftwareSerialC1Ehhb
 .text._ZN14HardwareSerial9availableEv
                0x000000000000247a       0x16 /work/opensource/personal/microcontroller/arduino/ArduinoLibraries/ArduinoCore/Release/libArduinoCore.a(HardwareSerial.o)
                0x000000000000247a                _ZN14HardwareSerial9availableEv
 .text._ZN14HardwareSerial4peekEv
                0x0000000000002490       0x1c /work/opensource/personal/microcontroller/arduino/ArduinoLibraries/ArduinoCore/Release/libArduinoCore.a(HardwareSerial.o)
                0x0000000000002490                _ZN14HardwareSerial4peekEv
 .text._ZN14HardwareSerial4readEv
                0x00000000000024ac       0x28 /work/opensource/personal/microcontroller/arduino/ArduinoLibraries/ArduinoCore/Release/libArduinoCore.a(HardwareSerial.o)
                0x00000000000024ac                _ZN14HardwareSerial4readEv
 .text._Z14serialEventRunv
                0x00000000000024d4       0x1a /work/opensource/personal/microcontroller/arduino/ArduinoLibraries/ArduinoCore/Release/libArduinoCore.a(HardwareSerial.o)
                0x00000000000024d4                _Z14serialEventRunv
 .text._ZN14HardwareSerial17_tx_udr_empty_irqEv
                0x00000000000024ee       0x42 /work/opensource/personal/microcontroller/arduino/ArduinoLibraries/ArduinoCore/Release/libArduinoCore.a(HardwareSerial.o)
                0x00000000000024ee                _ZN14HardwareSerial17_tx_udr_empty_irqEv
 .text._ZN14HardwareSerial5flushEv
                0x0000000000002530       0x42 /work/opensource/personal/microcontroller/arduino/ArduinoLibraries/ArduinoCore/Release/libArduinoCore.a(HardwareSerial.o)
                0x0000000000002530                _ZN14HardwareSerial5flushEv
 .text._ZN14HardwareSerial5writeEh
                0x0000000000002572       0xc8 /work/opensource/personal/microcontroller/arduino/ArduinoLibraries/ArduinoCore/Release/libArduinoCore.a(HardwareSerial.o)
                0x0000000000002572                _ZN14HardwareSerial5writeEh
 .text._ZN14HardwareSerial5beginEmh
                0x000000000000263a       0xc0 /work/opensource/personal/microcontroller/arduino/ArduinoLibraries/ArduinoCore/Release/libArduinoCore.a(HardwareSerial.o)
                0x000000000000263a                _ZN14HardwareSerial5beginEmh
 .text.__vector_18
                0x00000000000026fa       0x64 /work/opensource/personal/microcontroller/arduino/ArduinoLibraries/ArduinoCore/Release/libArduinoCore.a(HardwareSerial0.o)
                0x00000000000026fa                __vector_18
 .text.__vector_19
                0x000000000000275e       0x4a /work/opensource/personal/microcontroller/arduino/ArduinoLibraries/ArduinoCore/Release/libArduinoCore.a(HardwareSerial0.o)
                0x000000000000275e                __vector_19
 .text._Z17Serial0_availablev
                0x00000000000027a8       0x12 /work/opensource/personal/microcontroller/arduino/ArduinoLibraries/ArduinoCore/Release/libArduinoCore.a(HardwareSerial0.o)
                0x00000000000027a8                _Z17Serial0_availablev
 .text.startup._GLOBAL__sub_I___vector_18
                0x00000000000027ba       0x86 /work/opensource/personal/microcontroller/arduino/ArduinoLibraries/ArduinoCore/Release/libArduinoCore.a(HardwareSerial0.o)
 .text._ZN5Print5writeEPKhj
                0x0000000000002840       0x50 /work/opensource/personal/microcontroller/arduino/ArduinoLibraries/ArduinoCore/Release/libArduinoCore.a(Print.o)
                0x0000000000002840                _ZN5Print5writeEPKhj
 .text._ZN5Print5writeEPKc
                0x0000000000002890       0x2c /work/opensource/personal/microcontroller/arduino/ArduinoLibraries/ArduinoCore/Release/libArduinoCore.a(Print.o)
                0x0000000000002890                _ZN5Print5writeEPKc
 .text._ZN5Print5printEPKc
                0x00000000000028bc        0x2 /work/opensource/personal/microcontroller/arduino/ArduinoLibraries/ArduinoCore/Release/libArduinoCore.a(Print.o)
                0x00000000000028bc                _ZN5Print5printEPKc
 .text._ZN5Print5printEc
                0x00000000000028be        0xe /work/opensource/personal/microcontroller/arduino/ArduinoLibraries/ArduinoCore/Release/libArduinoCore.a(Print.o)
                0x00000000000028be                _ZN5Print5printEc
 .text._ZN5Print7printlnEv
                0x00000000000028cc        0x6 /work/opensource/personal/microcontroller/arduino/ArduinoLibraries/ArduinoCore/Release/libArduinoCore.a(Print.o)
                0x00000000000028cc                _ZN5Print7printlnEv
 .text._ZN5Print7printlnEPKc
                0x00000000000028d2       0x20 /work/opensource/personal/microcontroller/arduino/ArduinoLibraries/ArduinoCore/Release/libArduinoCore.a(Print.o)
                0x00000000000028d2                _ZN5Print7printlnEPKc
 .text._ZN5Print11printNumberEmh
                0x00000000000028f2       0x9a /work/opensource/personal/microcontroller/arduino/ArduinoLibraries/ArduinoCore/Release/libArduinoCore.a(Print.o)
                0x00000000000028f2                _ZN5Print11printNumberEmh
 .text._ZN5Print5printEli
                0x000000000000298c       0x8e /work/opensource/personal/microcontroller/arduino/ArduinoLibraries/ArduinoCore/Release/libArduinoCore.a(Print.o)
                0x000000000000298c                _ZN5Print5printEli
 .text._ZN5Print7printlnEii
                0x0000000000002a1a       0x2c /work/opensource/personal/microcontroller/arduino/ArduinoLibraries/ArduinoCore/Release/libArduinoCore.a(Print.o)
                0x0000000000002a1a                _ZN5Print7printlnEii
 .text._ZN5Print5printEmi
                0x0000000000002a46       0x18 /work/opensource/personal/microcontroller/arduino/ArduinoLibraries/ArduinoCore/Release/libArduinoCore.a(Print.o)
                0x0000000000002a46                _ZN5Print5printEmi
 .text._ZN5Print7printlnEhi
                0x0000000000002a5e       0x2a /work/opensource/personal/microcontroller/arduino/ArduinoLibraries/ArduinoCore/Release/libArduinoCore.a(Print.o)
                0x0000000000002a5e                _ZN5Print7printlnEhi
 .text._ZN6Stream9timedReadEv
                0x0000000000002a88       0x58 /work/opensource/personal/microcontroller/arduino/ArduinoLibraries/ArduinoCore/Release/libArduinoCore.a(Stream.o)
                0x0000000000002a88                _ZN6Stream9timedReadEv
 .text._ZN6Stream9readBytesEPcj
                0x0000000000002ae0       0x44 /work/opensource/personal/microcontroller/arduino/ArduinoLibraries/ArduinoCore/Release/libArduinoCore.a(Stream.o)
                0x0000000000002ae0                _ZN6Stream9readBytesEPcj
 .text.nothing  0x0000000000002b24        0x2 /work/opensource/personal/microcontroller/arduino/ArduinoLibraries/ArduinoCore/Release/libArduinoCore.a(WInterrupts.o)
 .text.attachInterrupt
                0x0000000000002b26       0x40 /work/opensource/personal/microcontroller/arduino/ArduinoLibraries/ArduinoCore/Release/libArduinoCore.a(WInterrupts.o)
                0x0000000000002b26                attachInterrupt
 .text.detachInterrupt
                0x0000000000002b66       0x24 /work/opensource/personal/microcontroller/arduino/ArduinoLibraries/ArduinoCore/Release/libArduinoCore.a(WInterrupts.o)
                0x0000000000002b66                detachInterrupt
 .text.__vector_1
                0x0000000000002b8a       0x4e /work/opensource/personal/microcontroller/arduino/ArduinoLibraries/ArduinoCore/Release/libArduinoCore.a(WInterrupts.o)
                0x0000000000002b8a                __vector_1
 .text.__vector_2
                0x0000000000002bd8       0x4e /work/opensource/personal/microcontroller/arduino/ArduinoLibraries/ArduinoCore/Release/libArduinoCore.a(WInterrupts.o)
                0x0000000000002bd8                __vector_2
 .text.__cxa_pure_virtual
                0x0000000000002c26        0x2 /work/opensource/personal/microcontroller/arduino/ArduinoLibraries/ArduinoCore/Release/libArduinoCore.a(abi.o)
                0x0000000000002c26                __cxa_pure_virtual
 .text._ZdlPv   0x0000000000002c28        0x2 /work/opensource/personal/microcontroller/arduino/ArduinoLibraries/ArduinoCore/Release/libArduinoCore.a(new.o)
                0x0000000000002c28                _ZdlPv
 .text.__vector_16
                0x0000000000002c2a       0x94 /work/opensource/personal/microcontroller/arduino/ArduinoLibraries/ArduinoCore/Release/libArduinoCore.a(wiring.o)
                0x0000000000002c2a                __vector_16
 .text.millis   0x0000000000002cbe       0x18 /work/opensource/personal/microcontroller/arduino/ArduinoLibraries/ArduinoCore/Release/libArduinoCore.a(wiring.o)
                0x0000000000002cbe                millis
 .text.micros   0x0000000000002cd6       0x46 /work/opensource/personal/microcontroller/arduino/ArduinoLibraries/ArduinoCore/Release/libArduinoCore.a(wiring.o)
                0x0000000000002cd6                micros
 .text.delay    0x0000000000002d1c       0x6e /work/opensource/personal/microcontroller/arduino/ArduinoLibraries/ArduinoCore/Release/libArduinoCore.a(wiring.o)
                0x0000000000002d1c                delay
 .text.delayMicroseconds
                0x0000000000002d8a       0x16 /work/opensource/personal/microcontroller/arduino/ArduinoLibraries/ArduinoCore/Release/libArduinoCore.a(wiring.o)
                0x0000000000002d8a                delayMicroseconds
 .text.init     0x0000000000002da0       0x76 /work/opensource/personal/microcontroller/arduino/ArduinoLibraries/ArduinoCore/Release/libArduinoCore.a(wiring.o)
                0x0000000000002da0                init
 .text.turnOffPWM
                0x0000000000002e16       0x52 /work/opensource/personal/microcontroller/arduino/ArduinoLibraries/ArduinoCore/Release/libArduinoCore.a(wiring_digital.o)
 .text.pinMode  0x0000000000002e68       0x72 /work/opensource/personal/microcontroller/arduino/ArduinoLibraries/ArduinoCore/Release/libArduinoCore.a(wiring_digital.o)
                0x0000000000002e68                pinMode
 .text.digitalWrite
                0x0000000000002eda       0x6a /work/opensource/personal/microcontroller/arduino/ArduinoLibraries/ArduinoCore/Release/libArduinoCore.a(wiring_digital.o)
                0x0000000000002eda                digitalWrite
 .text.twi_init
                0x0000000000002f44       0x38 /work/opensource/personal/microcontroller/arduino/ArduinoLibraries/ArduinoCore/Release/libArduinoCore.a(twi.o)
                0x0000000000002f44                twi_init
 .text.twi_readFrom
                0x0000000000002f7c       0x90 /work/opensource/personal/microcontroller/arduino/ArduinoLibraries/ArduinoCore/Release/libArduinoCore.a(twi.o)
                0x0000000000002f7c                twi_readFrom
 .text.twi_writeTo
                0x000000000000300c       0xae /work/opensource/personal/microcontroller/arduino/ArduinoLibraries/ArduinoCore/Release/libArduinoCore.a(twi.o)
                0x000000000000300c                twi_writeTo
 .text.twi_transmit
                0x00000000000030ba       0x32 /work/opensource/personal/microcontroller/arduino/ArduinoLibraries/ArduinoCore/Release/libArduinoCore.a(twi.o)
                0x00000000000030ba                twi_transmit
 .text.twi_stop
                0x00000000000030ec       0x14 /work/opensource/personal/microcontroller/arduino/ArduinoLibraries/ArduinoCore/Release/libArduinoCore.a(twi.o)
                0x00000000000030ec                twi_stop
 .text.twi_releaseBus
                0x0000000000003100        0xc /work/opensource/personal/microcontroller/arduino/ArduinoLibraries/ArduinoCore/Release/libArduinoCore.a(twi.o)
                0x0000000000003100                twi_releaseBus
 .text.__vector_24
                0x000000000000310c      0x254 /work/opensource/personal/microcontroller/arduino/ArduinoLibraries/ArduinoCore/Release/libArduinoCore.a(twi.o)
                0x000000000000310c                __vector_24
 .text.__empty  0x0000000000003360        0x2 /work/opensource/personal/microcontroller/arduino/ArduinoLibraries/ArduinoCore/Release/libArduinoCore.a(hooks.o)
                0x0000000000003360                yield
 .text.libgcc.div
                0x0000000000003362       0x28 /usr/lib/gcc/avr/4.8.1/avr5/libgcc.a(_udivmodhi4.o)
                0x0000000000003362                __udivmodhi4
 .text.libgcc.div
                0x000000000000338a       0x26 /usr/lib/gcc/avr/4.8.1/avr5/libgcc.a(_divmodhi4.o)
                0x000000000000338a                __divmodhi4
                0x000000000000338a                _div
 .text.libgcc.div
                0x00000000000033b0       0x44 /usr/lib/gcc/avr/4.8.1/avr5/libgcc.a(_udivmodsi4.o)
                0x00000000000033b0                __udivmodsi4
 .text.libgcc   0x00000000000033f4        0xc /usr/lib/gcc/avr/4.8.1/avr5/libgcc.a(_tablejump.o)
                0x00000000000033f4                __tablejump2__
                0x00000000000033f8                __tablejump__
 .text.avr-libc.fplib
                0x0000000000003400        0x4 /usr/lib/gcc/avr/4.8.1/../../../avr/lib/avr5/libm.a(divsf3.o)
                0x0000000000003400                __divsf3
 .text.avr-libc.fplib
                0x0000000000003404       0xcc /usr/lib/gcc/avr/4.8.1/../../../avr/lib/avr5/libm.a(divsf3x.o)
                0x000000000000341a                __divsf3x
                0x000000000000341e                __divsf3_pse
 .text.avr-libc.fplib
                0x00000000000034d0       0x7a /usr/lib/gcc/avr/4.8.1/../../../avr/lib/avr5/libm.a(floatsisf.o)
                0x00000000000034d0                __floatunsisf
                0x00000000000034d4                __floatsisf
 .text.avr-libc.fplib
                0x000000000000354a        0xc /usr/lib/gcc/avr/4.8.1/../../../avr/lib/avr5/libm.a(fp_inf.o)
                0x000000000000354a                __fp_inf
 .text.avr-libc.fplib
                0x0000000000003556        0x6 /usr/lib/gcc/avr/4.8.1/../../../avr/lib/avr5/libm.a(fp_nan.o)
                0x0000000000003556                __fp_nan
 .text.avr-libc.fplib
                0x000000000000355c        0xe /usr/lib/gcc/avr/4.8.1/../../../avr/lib/avr5/libm.a(fp_pscA.o)
                0x000000000000355c                __fp_pscA
 .text.avr-libc.fplib
                0x000000000000356a        0xe /usr/lib/gcc/avr/4.8.1/../../../avr/lib/avr5/libm.a(fp_pscB.o)
                0x000000000000356a                __fp_pscB
 .text.avr-libc.fplib
                0x0000000000003578       0x22 /usr/lib/gcc/avr/4.8.1/../../../avr/lib/avr5/libm.a(fp_round.o)
                0x0000000000003578                __fp_round
 .text.avr-libc.fplib
                0x000000000000359a       0x44 /usr/lib/gcc/avr/4.8.1/../../../avr/lib/avr5/libm.a(fp_split3.o)
                0x000000000000359a                __fp_split3
                0x00000000000035aa                __fp_splitA
 .text.avr-libc.fplib
                0x00000000000035de        0xe /usr/lib/gcc/avr/4.8.1/../../../avr/lib/avr5/libm.a(fp_zero.o)
                0x00000000000035de                __fp_zero
                0x00000000000035e0                __fp_szero
 .text.avr-libc
                0x00000000000035ec      0x24e /usr/lib/gcc/avr/4.8.1/../../../avr/lib/avr5/libc.a(malloc.o)
                0x00000000000035ec                malloc
                0x000000000000371c                free
 .text.avr-libc
                0x000000000000383a        0x8 /usr/lib/gcc/avr/4.8.1/../../../avr/lib/avr5/libc.a(abort.o)
                0x000000000000383a                abort
 .text.avr-libc
                0x0000000000003842       0x12 /usr/lib/gcc/avr/4.8.1/../../../avr/lib/avr5/libc.a(memcpy.o)
                0x0000000000003842                memcpy
                0x0000000000003854                . = ALIGN (0x2)
 *(.fini9)
 .fini9         0x0000000000003854        0x0 /usr/lib/gcc/avr/4.8.1/avr5/libgcc.a(_exit.o)
                0x0000000000003854                exit
                0x0000000000003854                _exit
 *(.fini9)
 *(.fini8)
 *(.fini8)
 *(.fini7)
 *(.fini7)
 *(.fini6)
 .fini6         0x0000000000003854       0x14 /usr/lib/gcc/avr/4.8.1/avr5/libgcc.a(_dtors.o)
                0x0000000000003854                __do_global_dtors
 *(.fini6)
 *(.fini5)
 *(.fini5)
 *(.fini4)
 *(.fini4)
 *(.fini3)
 *(.fini3)
 *(.fini2)
 *(.fini2)
 *(.fini1)
 *(.fini1)
 *(.fini0)
 .fini0         0x0000000000003868        0x4 /usr/lib/gcc/avr/4.8.1/avr5/libgcc.a(_exit.o)
 *(.fini0)
                0x000000000000386c                _etext = .

.data           0x0000000000800100      0x34a load address 0x000000000000386c
                0x0000000000800100                PROVIDE (__data_start, .)
 *(.data)
 .data          0x0000000000800100        0x0 /usr/lib/gcc/avr/4.8.1/../../../avr/lib/avr5/crtm328p.o
 .data          0x0000000000800100        0x0 ./Settings/Settings.o
 .data          0x0000000000800100        0x0 ./main.o
 .data          0x0000000000800100        0x0 /work/opensource/personal/microcontroller/arduino/ArduinoLibraries/ArduinoAccelerometerDriver/Release/libArduinoAccelerometerSensor.a(AccelerometerMMA8451.o)
 .data          0x0000000000800100        0x0 /work/opensource/personal/microcontroller/arduino/ArduinoLibraries/ArduinoMessagingProtocol/Release/libArduinoMessagingProtocol.a(RemoteDevice.o)
 .data          0x0000000000800100        0x0 /work/opensource/personal/microcontroller/arduino/ArduinoLibraries/ArduinoMessagingProtocol/Release/libArduinoMessagingProtocol.a(Notifier.o)
 .data          0x0000000000800100        0x0 /work/opensource/personal/microcontroller/arduino/ArduinoLibraries/ArduinoMessagingProtocol/Release/libArduinoMessagingProtocol.a(MessageParser.o)
 .data          0x0000000000800100        0x0 /work/opensource/personal/microcontroller/arduino/ArduinoLibraries/ArduinoMessagingProtocol/Release/libArduinoMessagingProtocol.a(Message.o)
 .data          0x0000000000800100        0x0 /work/opensource/personal/microcontroller/arduino/ArduinoLibraries/ArduinoIO/Release/libArduinoIO.a(SoftwareSerialOutputStream.o)
 .data          0x0000000000800100        0x0 /work/opensource/personal/microcontroller/arduino/ArduinoLibraries/ArduinoIO/Release/libArduinoIO.a(SoftwareSerialInputStream.o)
 .data          0x0000000000800100        0x0 /work/opensource/personal/microcontroller/arduino/ArduinoLibraries/ArduinoIO/Release/libArduinoIO.a(OutputStream.o)
 .data          0x0000000000800100        0x0 /work/opensource/personal/microcontroller/arduino/ArduinoLibraries/ArduinoIO/Release/libArduinoIO.a(InputStream.o)
 .data          0x0000000000800100        0x0 /work/opensource/personal/microcontroller/arduino/ArduinoLibraries/ArduinoIO/Release/libArduinoIO.a(ExternalEepromOutputStream.o)
 .data          0x0000000000800100        0x0 /work/opensource/personal/microcontroller/arduino/ArduinoLibraries/ArduinoIO/Release/libArduinoIO.a(ExternalEepromInputStream.o)
 .data          0x0000000000800100        0x0 /work/opensource/personal/microcontroller/arduino/ArduinoLibraries/ArduinoIO/Release/libArduinoIO.a(DataOutputStream.o)
 .data          0x0000000000800100        0x0 /work/opensource/personal/microcontroller/arduino/ArduinoLibraries/ArduinoIO/Release/libArduinoIO.a(DataInputStream.o)
 .data          0x0000000000800100        0x0 /work/opensource/personal/microcontroller/arduino/ArduinoLibraries/ArduinoIO/Release/libArduinoIO.a(ByteArrayOutputStream.o)
 .data          0x0000000000800100        0x0 /work/opensource/personal/microcontroller/arduino/ArduinoLibraries/ArduinoIO/Release/libArduinoIO.a(ByteArrayInputStream.o)
 .data          0x0000000000800100        0x0 /work/opensource/personal/microcontroller/arduino/ArduinoLibraries/ArduinoMemoryDriver/Release/libArduinoMemoryDriver.a(ExternalEeprom.o)
 .data          0x0000000000800100        0x0 /work/opensource/personal/microcontroller/arduino/ArduinoLibraries/ArduinoMemoryDriver/Release/libArduinoMemoryDriver.a(External24cl256Eeprom.o)
 .data          0x0000000000800100        0x0 /work/opensource/personal/microcontroller/arduino/ArduinoLibraries/ArduinoDevice/Release/libArduinoDevice.a(RegisterBasedWiredDevice.o)
 .data          0x0000000000800100        0x0 /work/opensource/personal/microcontroller/arduino/ArduinoLibraries/ArduinoDevice/Release/libArduinoDevice.a(EepromBasedWiredDevice.o)
 .data          0x0000000000800100        0x0 /work/opensource/personal/microcontroller/arduino/ArduinoLibraries/ArduinoDevice/Release/libArduinoDevice.a(WiredDevice.o)
 .data          0x0000000000800100        0x0 /work/opensource/personal/microcontroller/arduino/ArduinoLibraries/ArduinoCore/Release/libArduinoCore.a(Wire.o)
 .data          0x0000000000800100        0x0 /work/opensource/personal/microcontroller/arduino/ArduinoLibraries/ArduinoCore/Release/libArduinoCore.a(SoftwareSerial.o)
 .data          0x0000000000800100        0x0 /work/opensource/personal/microcontroller/arduino/ArduinoLibraries/ArduinoCore/Release/libArduinoCore.a(HardwareSerial.o)
 .data          0x0000000000800100        0x0 /work/opensource/personal/microcontroller/arduino/ArduinoLibraries/ArduinoCore/Release/libArduinoCore.a(HardwareSerial0.o)
 .data          0x0000000000800100        0x0 /work/opensource/personal/microcontroller/arduino/ArduinoLibraries/ArduinoCore/Release/libArduinoCore.a(Print.o)
 .data          0x0000000000800100        0x0 /work/opensource/personal/microcontroller/arduino/ArduinoLibraries/ArduinoCore/Release/libArduinoCore.a(Stream.o)
 .data          0x0000000000800100        0x0 /work/opensource/personal/microcontroller/arduino/ArduinoLibraries/ArduinoCore/Release/libArduinoCore.a(WInterrupts.o)
 .data          0x0000000000800100        0x0 /work/opensource/personal/microcontroller/arduino/ArduinoLibraries/ArduinoCore/Release/libArduinoCore.a(WString.o)
 .data          0x0000000000800100        0x0 /work/opensource/personal/microcontroller/arduino/ArduinoLibraries/ArduinoCore/Release/libArduinoCore.a(abi.o)
 .data          0x0000000000800100        0x0 /work/opensource/personal/microcontroller/arduino/ArduinoLibraries/ArduinoCore/Release/libArduinoCore.a(new.o)
 .data          0x0000000000800100        0x0 /work/opensource/personal/microcontroller/arduino/ArduinoLibraries/ArduinoCore/Release/libArduinoCore.a(wiring.o)
 .data          0x0000000000800100        0x0 /work/opensource/personal/microcontroller/arduino/ArduinoLibraries/ArduinoCore/Release/libArduinoCore.a(wiring_digital.o)
 .data          0x0000000000800100        0x0 /work/opensource/personal/microcontroller/arduino/ArduinoLibraries/ArduinoCore/Release/libArduinoCore.a(twi.o)
 .data          0x0000000000800100        0x0 /work/opensource/personal/microcontroller/arduino/ArduinoLibraries/ArduinoCore/Release/libArduinoCore.a(hooks.o)
 .data          0x0000000000800100        0x0 /usr/lib/gcc/avr/4.8.1/avr5/libgcc.a(_udivmodhi4.o)
 .data          0x0000000000800100        0x0 /usr/lib/gcc/avr/4.8.1/avr5/libgcc.a(_divmodhi4.o)
 .data          0x0000000000800100        0x0 /usr/lib/gcc/avr/4.8.1/avr5/libgcc.a(_udivmodsi4.o)
 .data          0x0000000000800100        0x0 /usr/lib/gcc/avr/4.8.1/avr5/libgcc.a(_exit.o)
 .data          0x0000000000800100        0x0 /usr/lib/gcc/avr/4.8.1/avr5/libgcc.a(_tablejump.o)